=== starting r1d-3bit at Mon Aug  3 07:41:31 EDT 2026 ===
[r1d-3bit] resuming; 0 already done
Warning: You are sending unauthenticated requests to the HF Hub. Please set a HF_TOKEN to enable higher rate limits and faster downloads.
[r1d-3bit] 1/500 tok=4096 14s LOOP@4096
[r1d-3bit] 2/500 tok=8448 31s LOOP@8448
[r1d-3bit] 3/500 tok=2381 8s
[r1d-3bit] 4/500 tok=5120 18s LOOP@5120
[r1d-3bit] 5/500 tok=4864 18s LOOP@4864
[r1d-3bit] 6/500 tok=2048 7s LOOP@2048
[r1d-3bit] 7/500 tok=2304 8s LOOP@2304
[r1d-3bit] 8/500 tok=5888 22s LOOP@5888
[r1d-3bit] 9/500 tok=4864 18s LOOP@4864
[r1d-3bit] 10/500 tok=2816 10s LOOP@2816
[r1d-3bit] 11/500 tok=6912 26s LOOP@6912
[r1d-3bit] 12/500 tok=7424 29s LOOP@7424
[r1d-3bit] 13/500 tok=3366 12s
[r1d-3bit] 14/500 tok=4352 17s LOOP@4352
[r1d-3bit] 15/500 tok=4096 15s LOOP@4096
[r1d-3bit] 16/500 tok=2560 9s LOOP@2560
[r1d-3bit] 17/500 tok=4864 18s LOOP@4864
[r1d-3bit] 18/500 tok=2560 9s LOOP@2560
[r1d-3bit] 19/500 tok=6144 24s LOOP@6144
[r1d-3bit] 20/500 tok=7424 30s LOOP@7424
[r1d-3bit] 21/500 tok=4516 17s
[r1d-3bit] 22/500 tok=16384 74s CAP
[r1d-3bit] 23/500 tok=512 2s LOOP@512
[r1d-3bit] 24/500 tok=15104 67s LOOP@15104
[r1d-3bit] 25/500 tok=4002 15s
[r1d-3bit] 26/500 tok=4775 18s
[r1d-3bit] 27/500 tok=7936 31s LOOP@7936
[r1d-3bit] 28/500 tok=1612 6s
[r1d-3bit] 29/500 tok=7424 29s LOOP@7424
[r1d-3bit] 30/500 tok=4352 16s LOOP@4352
[r1d-3bit] 31/500 tok=4608 17s LOOP@4608
[r1d-3bit] 32/500 tok=5120 19s LOOP@5120
[r1d-3bit] 33/500 tok=7424 29s LOOP@7424
[r1d-3bit] 34/500 tok=7379 29s
[r1d-3bit] 35/500 tok=2048 7s LOOP@2048
[r1d-3bit] 36/500 tok=8727 35s
[r1d-3bit] 37/500 tok=3968 15s
[r1d-3bit] 38/500 tok=4096 15s LOOP@4096
[r1d-3bit] 39/500 tok=2423 9s
[r1d-3bit] 40/500 tok=2429 9s
[r1d-3bit] 41/500 tok=3328 12s LOOP@3328
[r1d-3bit] 42/500 tok=6144 24s LOOP@6144
[r1d-3bit] 43/500 tok=1284 5s
[r1d-3bit] 44/500 tok=4864 18s LOOP@4864
[r1d-3bit] 45/500 tok=3503 13s
[r1d-3bit] 46/500 tok=4352 16s LOOP@4352
[r1d-3bit] 47/500 tok=6400 25s LOOP@6400
[r1d-3bit] 48/500 tok=1245 4s
[r1d-3bit] 49/500 tok=3328 12s LOOP@3328
[r1d-3bit] 50/500 tok=4864 18s LOOP@4864
[r1d-3bit] 51/500 tok=2048 7s LOOP@2048
[r1d-3bit] 52/500 tok=7327 28s
[r1d-3bit] 53/500 tok=4516 17s
[r1d-3bit] 54/500 tok=3043 11s
[r1d-3bit] 55/500 tok=3505 13s
[r1d-3bit] 56/500 tok=9377 38s
[r1d-3bit] 57/500 tok=2072 7s
[r1d-3bit] 58/500 tok=2973 11s
[r1d-3bit] 59/500 tok=6524 25s
[r1d-3bit] 60/500 tok=4864 18s LOOP@4864
[r1d-3bit] 61/500 tok=7680 30s LOOP@7680
[r1d-3bit] 62/500 tok=3072 11s LOOP@3072
[r1d-3bit] 63/500 tok=5888 23s LOOP@5888
[r1d-3bit] 64/500 tok=3619 13s
[r1d-3bit] 65/500 tok=4864 18s LOOP@4864
[r1d-3bit] 66/500 tok=4608 17s LOOP@4608
[r1d-3bit] 67/500 tok=4170 15s
[r1d-3bit] 68/500 tok=5793 22s
[r1d-3bit] 69/500 tok=1114 4s
[r1d-3bit] 70/500 tok=6912 27s LOOP@6912
[r1d-3bit] 71/500 tok=4608 17s LOOP@4608
[r1d-3bit] 72/500 tok=16384 72s CAP
[r1d-3bit] 73/500 tok=4294 16s
[r1d-3bit] 74/500 tok=2847 10s
[r1d-3bit] 75/500 tok=10496 43s LOOP@10496
[r1d-3bit] 76/500 tok=4706 18s
[r1d-3bit] 77/500 tok=5120 19s LOOP@5120
[r1d-3bit] 78/500 tok=4352 16s LOOP@4352
[r1d-3bit] 79/500 tok=2859 10s
[r1d-3bit] 80/500 tok=1740 6s
[r1d-3bit] 81/500 tok=10296 42s
[r1d-3bit] 82/500 tok=2119 8s
[r1d-3bit] 83/500 tok=7936 31s LOOP@7936
[r1d-3bit] 84/500 tok=4288 16s
[r1d-3bit] 85/500 tok=6144 24s LOOP@6144
[r1d-3bit] 86/500 tok=4096 15s LOOP@4096
[r1d-3bit] 87/500 tok=2816 10s LOOP@2816
[r1d-3bit] 88/500 tok=1402 5s
[r1d-3bit] 89/500 tok=5376 20s LOOP@5376
[r1d-3bit] 90/500 tok=3516 13s
[r1d-3bit] 91/500 tok=2560 9s LOOP@2560
[r1d-3bit] 92/500 tok=1561 6s
[r1d-3bit] 93/500 tok=6301 24s
[r1d-3bit] 94/500 tok=1683 6s
[r1d-3bit] 95/500 tok=7680 30s LOOP@7680
[r1d-3bit] 96/500 tok=1746 6s
[r1d-3bit] 97/500 tok=11865 50s
[r1d-3bit] 98/500 tok=2560 9s LOOP@2560
[r1d-3bit] 99/500 tok=4131 15s
[r1d-3bit] 100/500 tok=6144 24s LOOP@6144
[r1d-3bit] 101/500 tok=6656 26s LOOP@6656
[r1d-3bit] 102/500 tok=16384 73s CAP
[r1d-3bit] 103/500 tok=1323 5s
[r1d-3bit] 104/500 tok=9216 37s LOOP@9216
[r1d-3bit] 105/500 tok=16384 73s LOOP@16384
[r1d-3bit] 106/500 tok=7680 30s LOOP@7680
[r1d-3bit] 107/500 tok=1352 5s
[r1d-3bit] 108/500 tok=2625 10s
[r1d-3bit] 109/500 tok=7424 29s LOOP@7424
[r1d-3bit] 110/500 tok=8448 34s LOOP@8448
[r1d-3bit] 111/500 tok=8960 36s LOOP@8960
[r1d-3bit] 112/500 tok=3181 12s
[r1d-3bit] 113/500 tok=4096 15s LOOP@4096
[r1d-3bit] 114/500 tok=768 3s LOOP@768
[r1d-3bit] 115/500 tok=1905 7s
[r1d-3bit] 116/500 tok=3752 14s
[r1d-3bit] 117/500 tok=4352 16s LOOP@4352
[r1d-3bit] 118/500 tok=1048 4s
[r1d-3bit] 119/500 tok=5246 20s
[r1d-3bit] 120/500 tok=2560 9s LOOP@2560
[r1d-3bit] 121/500 tok=8192 34s LOOP@8192
[r1d-3bit] 122/500 tok=3326 12s
[r1d-3bit] 123/500 tok=5632 22s LOOP@5632
[r1d-3bit] 124/500 tok=5376 22s LOOP@5376
[r1d-3bit] 125/500 tok=3737 14s
[r1d-3bit] 126/500 tok=6400 25s LOOP@6400
[r1d-3bit] 127/500 tok=15360 70s LOOP@15360
[r1d-3bit] 128/500 tok=2896 11s
[r1d-3bit] 129/500 tok=5632 23s LOOP@5632
[r1d-3bit] 130/500 tok=8448 36s LOOP@8448
[r1d-3bit] 131/500 tok=9984 43s LOOP@9984
[r1d-3bit] 132/500 tok=1608 6s
[r1d-3bit] 133/500 tok=2615 10s
[r1d-3bit] 134/500 tok=7059 29s
[r1d-3bit] 135/500 tok=3535 14s
[r1d-3bit] 136/500 tok=3891 15s
[r1d-3bit] 137/500 tok=6912 27s LOOP@6912
[r1d-3bit] 138/500 tok=6912 27s LOOP@6912
[r1d-3bit] 139/500 tok=3840 15s LOOP@3840
[r1d-3bit] 140/500 tok=11520 48s LOOP@11520
[r1d-3bit] 141/500 tok=12544 56s LOOP@12544
[r1d-3bit] 142/500 tok=3658 14s
[r1d-3bit] 143/500 tok=5888 24s LOOP@5888
[r1d-3bit] 144/500 tok=3840 15s LOOP@3840
[r1d-3bit] 145/500 tok=777 3s
[r1d-3bit] 146/500 tok=5888 24s LOOP@5888
[r1d-3bit] 147/500 tok=6144 25s LOOP@6144
[r1d-3bit] 148/500 tok=8704 35s LOOP@8704
[r1d-3bit] 149/500 tok=2816 10s LOOP@2816
[r1d-3bit] 150/500 tok=2152 8s
[r1d-3bit] 151/500 tok=7936 31s LOOP@7936
[r1d-3bit] 152/500 tok=5376 20s LOOP@5376
[r1d-3bit] 153/500 tok=5632 21s LOOP@5632
[r1d-3bit] 154/500 tok=6400 25s LOOP@6400
[r1d-3bit] 155/500 tok=5120 19s LOOP@5120
[r1d-3bit] 156/500 tok=2023 7s
[r1d-3bit] 157/500 tok=13056 56s LOOP@13056
[r1d-3bit] 158/500 tok=2405 9s
[r1d-3bit] 159/500 tok=3434 13s
[r1d-3bit] 160/500 tok=3584 13s LOOP@3584
[r1d-3bit] 161/500 tok=3328 13s LOOP@3328
[r1d-3bit] 162/500 tok=5376 20s LOOP@5376
[r1d-3bit] 163/500 tok=4826 18s
[r1d-3bit] 164/500 tok=8448 34s LOOP@8448
[r1d-3bit] 165/500 tok=8692 35s
[r1d-3bit] 166/500 tok=3840 14s LOOP@3840
[r1d-3bit] 167/500 tok=4864 19s LOOP@4864
[r1d-3bit] 168/500 tok=1481 5s
[r1d-3bit] 169/500 tok=9984 42s LOOP@9984
[r1d-3bit] 170/500 tok=2620 10s
[r1d-3bit] 171/500 tok=6144 24s LOOP@6144
[r1d-3bit] 172/500 tok=3328 12s LOOP@3328
[r1d-3bit] 173/500 tok=1760 6s
[r1d-3bit] 174/500 tok=4919 19s
[r1d-3bit] 175/500 tok=4271 16s
[r1d-3bit] 176/500 tok=7424 29s LOOP@7424
[r1d-3bit] 177/500 tok=11520 48s LOOP@11520
[r1d-3bit] 178/500 tok=7168 28s LOOP@7168
[r1d-3bit] 179/500 tok=5079 19s
[r1d-3bit] 180/500 tok=7424 29s LOOP@7424
[r1d-3bit] 181/500 tok=3363 12s
[r1d-3bit] 182/500 tok=8704 35s LOOP@8704
[r1d-3bit] 183/500 tok=4608 17s LOOP@4608
[r1d-3bit] 184/500 tok=6427 25s
[r1d-3bit] 185/500 tok=3840 14s LOOP@3840
[r1d-3bit] 186/500 tok=1051 4s
[r1d-3bit] 187/500 tok=1180 4s
[r1d-3bit] 188/500 tok=968 3s
[r1d-3bit] 189/500 tok=2816 10s LOOP@2816
[r1d-3bit] 190/500 tok=1536 6s LOOP@1536
[r1d-3bit] 191/500 tok=4352 16s LOOP@4352
[r1d-3bit] 192/500 tok=3989 15s
[r1d-3bit] 193/500 tok=6400 25s LOOP@6400
[r1d-3bit] 194/500 tok=2891 10s
[r1d-3bit] 195/500 tok=9984 40s LOOP@9984
[r1d-3bit] 196/500 tok=3356 12s
[r1d-3bit] 197/500 tok=5135 19s
[r1d-3bit] 198/500 tok=7278 28s
[r1d-3bit] 199/500 tok=5120 19s LOOP@5120
[r1d-3bit] 200/500 tok=2304 9s LOOP@2304
[r1d-3bit] 201/500 tok=7168 30s LOOP@7168
[r1d-3bit] 202/500 tok=5080 20s
[r1d-3bit] 203/500 tok=10240 43s LOOP@10240
[r1d-3bit] 204/500 tok=6569 25s
[r1d-3bit] 205/500 tok=8192 32s LOOP@8192
[r1d-3bit] 206/500 tok=2816 10s LOOP@2816
[r1d-3bit] 207/500 tok=1712 6s
[r1d-3bit] 208/500 tok=988 3s
[r1d-3bit] 209/500 tok=3584 13s LOOP@3584
[r1d-3bit] 210/500 tok=5280 20s
[r1d-3bit] 211/500 tok=5120 19s LOOP@5120
[r1d-3bit] 212/500 tok=6144 23s LOOP@6144
[r1d-3bit] 213/500 tok=10752 44s LOOP@10752
[r1d-3bit] 214/500 tok=13824 59s LOOP@13824
[r1d-3bit] 215/500 tok=4864 18s LOOP@4864
[r1d-3bit] 216/500 tok=7424 28s LOOP@7424
[r1d-3bit] 217/500 tok=9984 40s LOOP@9984
[r1d-3bit] 218/500 tok=7680 29s LOOP@7680
[r1d-3bit] 219/500 tok=2886 10s
[r1d-3bit] 220/500 tok=6912 27s LOOP@6912
[r1d-3bit] 221/500 tok=2816 10s LOOP@2816
[r1d-3bit] 222/500 tok=7168 27s LOOP@7168
[r1d-3bit] 223/500 tok=7680 30s LOOP@7680
[r1d-3bit] 224/500 tok=4864 18s LOOP@4864
[r1d-3bit] 225/500 tok=6400 25s LOOP@6400
[r1d-3bit] 226/500 tok=1979 7s
[r1d-3bit] 227/500 tok=5079 19s
[r1d-3bit] 228/500 tok=2816 10s LOOP@2816
[r1d-3bit] 229/500 tok=4864 19s LOOP@4864
[r1d-3bit] 230/500 tok=4608 18s LOOP@4608
[r1d-3bit] 231/500 tok=3328 12s LOOP@3328
[r1d-3bit] 232/500 tok=11776 50s LOOP@11776
[r1d-3bit] 233/500 tok=13056 56s LOOP@13056
[r1d-3bit] 234/500 tok=966 4s
[r1d-3bit] 235/500 tok=6400 24s LOOP@6400
[r1d-3bit] 236/500 tok=4864 18s LOOP@4864
[r1d-3bit] 237/500 tok=10496 43s LOOP@10496
[r1d-3bit] 238/500 tok=2007 7s
[r1d-3bit] 239/500 tok=2665 10s
[r1d-3bit] 240/500 tok=4096 15s LOOP@4096
[r1d-3bit] 241/500 tok=1024 4s LOOP@1024
[r1d-3bit] 242/500 tok=5551 21s
[r1d-3bit] 243/500 tok=11264 47s LOOP@11264
[r1d-3bit] 244/500 tok=1273 5s
[r1d-3bit] 245/500 tok=7168 28s LOOP@7168
[r1d-3bit] 246/500 tok=4352 16s LOOP@4352
[r1d-3bit] 247/500 tok=3072 11s LOOP@3072
[r1d-3bit] 248/500 tok=5120 20s LOOP@5120
[r1d-3bit] 249/500 tok=5120 20s LOOP@5120
[r1d-3bit] 250/500 tok=5120 20s LOOP@5120
[r1d-3bit] 251/500 tok=6144 24s LOOP@6144
[r1d-3bit] 252/500 tok=5348 20s
[r1d-3bit] 253/500 tok=6144 23s LOOP@6144
[r1d-3bit] 254/500 tok=4608 17s LOOP@4608
[r1d-3bit] 255/500 tok=2420 9s
[r1d-3bit] 256/500 tok=1311 5s
[r1d-3bit] 257/500 tok=4471 16s
[r1d-3bit] 258/500 tok=986 3s
[r1d-3bit] 259/500 tok=1719 6s
[r1d-3bit] 260/500 tok=1775 6s
[r1d-3bit] 261/500 tok=1851 7s
[r1d-3bit] 262/500 tok=4957 18s
[r1d-3bit] 263/500 tok=3072 11s LOOP@3072
[r1d-3bit] 264/500 tok=6400 24s LOOP@6400
[r1d-3bit] 265/500 tok=5632 21s LOOP@5632
[r1d-3bit] 266/500 tok=3843 14s
[r1d-3bit] 267/500 tok=3981 14s
[r1d-3bit] 268/500 tok=5888 22s LOOP@5888
[r1d-3bit] 269/500 tok=4096 15s LOOP@4096
[r1d-3bit] 270/500 tok=9728 39s LOOP@9728
[r1d-3bit] 271/500 tok=4352 16s LOOP@4352
[r1d-3bit] 272/500 tok=6400 24s LOOP@6400
[r1d-3bit] 273/500 tok=2048 7s LOOP@2048
[r1d-3bit] 274/500 tok=5120 19s LOOP@5120
[r1d-3bit] 275/500 tok=7680 30s LOOP@7680
[r1d-3bit] 276/500 tok=1258 4s
[r1d-3bit] 277/500 tok=2536 9s
[r1d-3bit] 278/500 tok=1159 4s
[r1d-3bit] 279/500 tok=6043 23s
[r1d-3bit] 280/500 tok=5902 22s
[r1d-3bit] 281/500 tok=2741 10s
[r1d-3bit] 282/500 tok=3265 12s
[r1d-3bit] 283/500 tok=5376 20s LOOP@5376
[r1d-3bit] 284/500 tok=1650 6s
[r1d-3bit] 285/500 tok=7424 29s LOOP@7424
[r1d-3bit] 286/500 tok=2560 9s LOOP@2560
[r1d-3bit] 287/500 tok=3584 13s LOOP@3584
[r1d-3bit] 288/500 tok=2633 9s
[r1d-3bit] 289/500 tok=13312 57s LOOP@13312
[r1d-3bit] 290/500 tok=2816 10s LOOP@2816
[r1d-3bit] 291/500 tok=1575 6s
[r1d-3bit] 292/500 tok=14848 64s LOOP@14848
[r1d-3bit] 293/500 tok=7936 31s LOOP@7936
[r1d-3bit] 294/500 tok=2334 8s
[r1d-3bit] 295/500 tok=5888 22s LOOP@5888
[r1d-3bit] 296/500 tok=5120 19s LOOP@5120
[r1d-3bit] 297/500 tok=7168 28s LOOP@7168
[r1d-3bit] 298/500 tok=3861 14s
[r1d-3bit] 299/500 tok=2048 7s LOOP@2048
[r1d-3bit] 300/500 tok=8400 33s
[r1d-3bit] 301/500 tok=3810 14s
[r1d-3bit] 302/500 tok=2560 9s LOOP@2560
[r1d-3bit] 303/500 tok=16384 72s CAP
[r1d-3bit] 304/500 tok=7936 30s LOOP@7936
[r1d-3bit] 305/500 tok=3649 13s
[r1d-3bit] 306/500 tok=2413 9s
[r1d-3bit] 307/500 tok=6912 26s LOOP@6912
[r1d-3bit] 308/500 tok=10752 43s LOOP@10752
[r1d-3bit] 309/500 tok=11520 47s LOOP@11520
[r1d-3bit] 310/500 tok=9728 38s LOOP@9728
[r1d-3bit] 311/500 tok=5632 21s LOOP@5632
[r1d-3bit] 312/500 tok=2560 9s LOOP@2560
[r1d-3bit] 313/500 tok=1290 5s
[r1d-3bit] 314/500 tok=5120 19s LOOP@5120
[r1d-3bit] 315/500 tok=4991 18s
[r1d-3bit] 316/500 tok=8448 33s LOOP@8448
[r1d-3bit] 317/500 tok=7424 28s LOOP@7424
[r1d-3bit] 318/500 tok=7804 30s
[r1d-3bit] 319/500 tok=2558 9s
[r1d-3bit] 320/500 tok=954 3s
[r1d-3bit] 321/500 tok=7424 28s LOOP@7424
[r1d-3bit] 322/500 tok=12032 49s LOOP@12032
[r1d-3bit] 323/500 tok=7936 30s LOOP@7936
[r1d-3bit] 324/500 tok=10240 41s LOOP@10240
[r1d-3bit] 325/500 tok=4096 15s LOOP@4096
[r1d-3bit] 326/500 tok=3584 13s LOOP@3584
[r1d-3bit] 327/500 tok=5602 21s
[r1d-3bit] 328/500 tok=4608 17s LOOP@4608
[r1d-3bit] 329/500 tok=16384 72s CAP
[r1d-3bit] 330/500 tok=3328 13s LOOP@3328
[r1d-3bit] 331/500 tok=2410 9s
[r1d-3bit] 332/500 tok=11520 49s LOOP@11520
[r1d-3bit] 333/500 tok=13312 58s LOOP@13312
[r1d-3bit] 334/500 tok=2560 9s LOOP@2560
[r1d-3bit] 335/500 tok=2106 8s
[r1d-3bit] 336/500 tok=4906 19s
[r1d-3bit] 337/500 tok=6144 24s LOOP@6144
[r1d-3bit] 338/500 tok=12913 56s
[r1d-3bit] 339/500 tok=3367 13s
[r1d-3bit] 340/500 tok=4864 19s LOOP@4864
[r1d-3bit] 341/500 tok=9216 38s LOOP@9216
[r1d-3bit] 342/500 tok=1554 6s
[r1d-3bit] 343/500 tok=890 3s
[r1d-3bit] 344/500 tok=1928 7s
[r1d-3bit] 345/500 tok=1601 6s
[r1d-3bit] 346/500 tok=4864 19s LOOP@4864
[r1d-3bit] 347/500 tok=1894 7s
[r1d-3bit] 348/500 tok=4608 18s LOOP@4608
[r1d-3bit] 349/500 tok=7680 31s LOOP@7680
[r1d-3bit] 350/500 tok=2816 10s LOOP@2816
[r1d-3bit] 351/500 tok=5953 23s
[r1d-3bit] 352/500 tok=4352 17s LOOP@4352
[r1d-3bit] 353/500 tok=9728 40s LOOP@9728
[r1d-3bit] 354/500 tok=6400 25s LOOP@6400
[r1d-3bit] 355/500 tok=14336 63s LOOP@14336
[r1d-3bit] 356/500 tok=11776 50s LOOP@11776
[r1d-3bit] 357/500 tok=6714 26s
[r1d-3bit] 358/500 tok=5376 21s LOOP@5376
[r1d-3bit] 359/500 tok=5632 22s LOOP@5632
[r1d-3bit] 360/500 tok=2048 8s LOOP@2048
[r1d-3bit] 361/500 tok=5376 21s LOOP@5376
[r1d-3bit] 362/500 tok=2560 9s LOOP@2560
[r1d-3bit] 363/500 tok=1799 7s
[r1d-3bit] 364/500 tok=5120 20s LOOP@5120
[r1d-3bit] 365/500 tok=5632 22s LOOP@5632
[r1d-3bit] 366/500 tok=2304 9s LOOP@2304
[r1d-3bit] 367/500 tok=7680 31s LOOP@7680
[r1d-3bit] 368/500 tok=2048 8s LOOP@2048
[r1d-3bit] 369/500 tok=1556 6s
[r1d-3bit] 370/500 tok=5888 23s LOOP@5888
[r1d-3bit] 371/500 tok=2224 8s
[r1d-3bit] 372/500 tok=5120 20s LOOP@5120
[r1d-3bit] 373/500 tok=5888 23s LOOP@5888
[r1d-3bit] 374/500 tok=3695 14s
[r1d-3bit] 375/500 tok=4244 16s
[r1d-3bit] 376/500 tok=2887 11s
[r1d-3bit] 377/500 tok=2998 11s
[r1d-3bit] 378/500 tok=4841 19s
[r1d-3bit] 379/500 tok=1536 6s LOOP@1536
[r1d-3bit] 380/500 tok=5888 23s LOOP@5888
[r1d-3bit] 381/500 tok=8448 34s LOOP@8448
[r1d-3bit] 382/500 tok=7680 31s LOOP@7680
[r1d-3bit] 383/500 tok=4864 19s LOOP@4864
[r1d-3bit] 384/500 tok=2698 10s
[r1d-3bit] 385/500 tok=2721 10s
[r1d-3bit] 386/500 tok=3072 11s LOOP@3072
[r1d-3bit] 387/500 tok=1516 6s
[r1d-3bit] 388/500 tok=5191 20s
[r1d-3bit] 389/500 tok=1805 7s
[r1d-3bit] 390/500 tok=10240 43s LOOP@10240
[r1d-3bit] 391/500 tok=4526 17s
[r1d-3bit] 392/500 tok=7680 31s LOOP@7680
[r1d-3bit] 393/500 tok=11520 49s LOOP@11520
[r1d-3bit] 394/500 tok=1280 5s LOOP@1280
[r1d-3bit] 395/500 tok=7943 32s
[r1d-3bit] 396/500 tok=4096 15s LOOP@4096
[r1d-3bit] 397/500 tok=3328 13s LOOP@3328
[r1d-3bit] 398/500 tok=4096 15s LOOP@4096
[r1d-3bit] 399/500 tok=5888 23s LOOP@5888
[r1d-3bit] 400/500 tok=5376 21s LOOP@5376
[r1d-3bit] 401/500 tok=5376 21s LOOP@5376
[r1d-3bit] 402/500 tok=14925 66s
[r1d-3bit] 403/500 tok=4352 16s LOOP@4352
[r1d-3bit] 404/500 tok=5110 20s
[r1d-3bit] 405/500 tok=1274 5s
[r1d-3bit] 406/500 tok=4096 15s LOOP@4096
[r1d-3bit] 407/500 tok=3328 12s LOOP@3328
[r1d-3bit] 408/500 tok=3179 12s
[r1d-3bit] 409/500 tok=5632 22s LOOP@5632
[r1d-3bit] 410/500 tok=3584 13s LOOP@3584
[r1d-3bit] 411/500 tok=1629 6s
[r1d-3bit] 412/500 tok=5632 22s LOOP@5632
[r1d-3bit] 413/500 tok=6912 27s LOOP@6912
[r1d-3bit] 414/500 tok=6400 25s LOOP@6400
[r1d-3bit] 415/500 tok=2132 8s
[r1d-3bit] 416/500 tok=10654 45s
[r1d-3bit] 417/500 tok=6023 23s
[r1d-3bit] 418/500 tok=2333 9s
[r1d-3bit] 419/500 tok=3213 12s
[r1d-3bit] 420/500 tok=5120 20s LOOP@5120
[r1d-3bit] 421/500 tok=4137 16s
[r1d-3bit] 422/500 tok=9728 40s LOOP@9728
[r1d-3bit] 423/500 tok=8932 37s
[r1d-3bit] 424/500 tok=11008 46s LOOP@11008
[r1d-3bit] 425/500 tok=3328 12s LOOP@3328
[r1d-3bit] 426/500 tok=8448 34s LOOP@8448
[r1d-3bit] 427/500 tok=2415 9s
[r1d-3bit] 428/500 tok=878 3s
[r1d-3bit] 429/500 tok=11776 50s LOOP@11776
[r1d-3bit] 430/500 tok=8448 34s LOOP@8448
[r1d-3bit] 431/500 tok=3840 15s LOOP@3840
[r1d-3bit] 432/500 tok=12288 53s LOOP@12288
[r1d-3bit] 433/500 tok=7680 31s LOOP@7680
[r1d-3bit] 434/500 tok=8704 35s LOOP@8704
[r1d-3bit] 435/500 tok=7424 30s LOOP@7424
[r1d-3bit] 436/500 tok=2532 9s
[r1d-3bit] 437/500 tok=3106 12s
[r1d-3bit] 438/500 tok=2048 8s LOOP@2048
[r1d-3bit] 439/500 tok=5632 22s LOOP@5632
[r1d-3bit] 440/500 tok=5974 23s
[r1d-3bit] 441/500 tok=2321 9s
[r1d-3bit] 442/500 tok=8448 34s LOOP@8448
[r1d-3bit] 443/500 tok=7680 31s LOOP@7680
[r1d-3bit] 444/500 tok=749 3s
[r1d-3bit] 445/500 tok=3072 12s LOOP@3072
[r1d-3bit] 446/500 tok=9472 39s LOOP@9472
[r1d-3bit] 447/500 tok=8960 37s LOOP@8960
[r1d-3bit] 448/500 tok=6760 27s
[r1d-3bit] 449/500 tok=16384 74s CAP
[r1d-3bit] 450/500 tok=4864 19s LOOP@4864
[r1d-3bit] 451/500 tok=2928 11s
[r1d-3bit] 452/500 tok=5888 23s LOOP@5888
[r1d-3bit] 453/500 tok=7936 32s LOOP@7936
[r1d-3bit] 454/500 tok=3497 13s
[r1d-3bit] 455/500 tok=4864 18s LOOP@4864
[r1d-3bit] 456/500 tok=1891 7s
[r1d-3bit] 457/500 tok=4949 19s
[r1d-3bit] 458/500 tok=4359 16s
[r1d-3bit] 459/500 tok=4352 16s LOOP@4352
[r1d-3bit] 460/500 tok=10240 42s LOOP@10240
[r1d-3bit] 461/500 tok=3808 14s
[r1d-3bit] 462/500 tok=1554 6s
[r1d-3bit] 463/500 tok=5242 20s
[r1d-3bit] 464/500 tok=864 3s
[r1d-3bit] 465/500 tok=7936 31s LOOP@7936
[r1d-3bit] 466/500 tok=1719 6s
[r1d-3bit] 467/500 tok=4608 17s LOOP@4608
[r1d-3bit] 468/500 tok=4864 18s LOOP@4864
[r1d-3bit] 469/500 tok=3659 14s
[r1d-3bit] 470/500 tok=4864 18s LOOP@4864
[r1d-3bit] 471/500 tok=2048 7s LOOP@2048
[r1d-3bit] 472/500 tok=4608 17s LOOP@4608
[r1d-3bit] 473/500 tok=4832 18s
[r1d-3bit] 474/500 tok=5120 20s LOOP@5120
[r1d-3bit] 475/500 tok=8876 36s
[r1d-3bit] 476/500 tok=5376 21s LOOP@5376
[r1d-3bit] 477/500 tok=5632 22s LOOP@5632
[r1d-3bit] 478/500 tok=2816 10s LOOP@2816
[r1d-3bit] 479/500 tok=7168 28s LOOP@7168
[r1d-3bit] 480/500 tok=3555 13s
[r1d-3bit] 481/500 tok=7936 32s LOOP@7936
[r1d-3bit] 482/500 tok=9472 39s LOOP@9472
[r1d-3bit] 483/500 tok=7680 30s LOOP@7680
[r1d-3bit] 484/500 tok=5012 19s
[r1d-3bit] 485/500 tok=14080 61s LOOP@14080
[r1d-3bit] 486/500 tok=2816 10s LOOP@2816
[r1d-3bit] 487/500 tok=6912 27s LOOP@6912
[r1d-3bit] 488/500 tok=4352 17s LOOP@4352
[r1d-3bit] 489/500 tok=1071 4s
[r1d-3bit] 490/500 tok=12032 51s LOOP@12032
[r1d-3bit] 491/500 tok=6144 24s LOOP@6144
[r1d-3bit] 492/500 tok=3840 15s LOOP@3840
[r1d-3bit] 493/500 tok=1272 5s
[r1d-3bit] 494/500 tok=5675 22s
[r1d-3bit] 495/500 tok=7680 31s LOOP@7680
[r1d-3bit] 496/500 tok=7936 32s LOOP@7936
[r1d-3bit] 497/500 tok=2552 9s
[r1d-3bit] 498/500 tok=4608 18s LOOP@4608
[r1d-3bit] 499/500 tok=3584 14s LOOP@3584
[r1d-3bit] 500/500 tok=8912 36s
[r1d-3bit] DONE
=== starting dsr-3bit at Mon Aug  3 10:36:02 EDT 2026 ===
[dsr-3bit] resuming; 0 already done
Warning: You are sending unauthenticated requests to the HF Hub. Please set a HF_TOKEN to enable higher rate limits and faster downloads.
[dsr-3bit] 1/500 tok=1347 4s
[dsr-3bit] 2/500 tok=6144 24s LOOP@6144
[dsr-3bit] 3/500 tok=2048 8s LOOP@2048
[dsr-3bit] 4/500 tok=2402 9s
[dsr-3bit] 5/500 tok=4866 19s
[dsr-3bit] 6/500 tok=5120 20s LOOP@5120
[dsr-3bit] 7/500 tok=4864 19s LOOP@4864
[dsr-3bit] 8/500 tok=4864 19s LOOP@4864
[dsr-3bit] 9/500 tok=1960 7s
[dsr-3bit] 10/500 tok=6144 24s LOOP@6144
[dsr-3bit] 11/500 tok=16384 75s CAP
[dsr-3bit] 12/500 tok=14848 66s LOOP@14848
[dsr-3bit] 13/500 tok=7168 28s LOOP@7168
[dsr-3bit] 14/500 tok=745 3s
[dsr-3bit] 15/500 tok=2240 9s
[dsr-3bit] 16/500 tok=6330 25s
[dsr-3bit] 17/500 tok=2060 8s
[dsr-3bit] 18/500 tok=4608 18s LOOP@4608
[dsr-3bit] 19/500 tok=5029 19s
[dsr-3bit] 20/500 tok=12288 53s LOOP@12288
[dsr-3bit] 21/500 tok=2912 11s
[dsr-3bit] 22/500 tok=16384 74s CAP
[dsr-3bit] 23/500 tok=1024 4s LOOP@1024
[dsr-3bit] 24/500 tok=2181 8s
[dsr-3bit] 25/500 tok=16384 75s CAP
[dsr-3bit] 26/500 tok=4180 16s
[dsr-3bit] 27/500 tok=12054 52s
[dsr-3bit] 28/500 tok=1627 6s
[dsr-3bit] 29/500 tok=3214 12s
[dsr-3bit] 30/500 tok=4769 18s
[dsr-3bit] 31/500 tok=4120 16s
[dsr-3bit] 32/500 tok=1708 6s
[dsr-3bit] 33/500 tok=6802 27s
[dsr-3bit] 34/500 tok=4526 17s
[dsr-3bit] 35/500 tok=3840 15s LOOP@3840
[dsr-3bit] 36/500 tok=2694 10s
[dsr-3bit] 37/500 tok=4131 16s
[dsr-3bit] 38/500 tok=3460 13s
[dsr-3bit] 39/500 tok=1670 6s
[dsr-3bit] 40/500 tok=2327 9s
[dsr-3bit] 41/500 tok=747 3s
[dsr-3bit] 42/500 tok=8448 34s LOOP@8448
[dsr-3bit] 43/500 tok=1590 6s
[dsr-3bit] 44/500 tok=8192 33s LOOP@8192
[dsr-3bit] 45/500 tok=2853 11s
[dsr-3bit] 46/500 tok=1330 5s
[dsr-3bit] 47/500 tok=7122 28s
[dsr-3bit] 48/500 tok=2150 8s
[dsr-3bit] 49/500 tok=1969 7s
[dsr-3bit] 50/500 tok=1153 4s
[dsr-3bit] 51/500 tok=4864 19s LOOP@4864
[dsr-3bit] 52/500 tok=7137 28s
[dsr-3bit] 53/500 tok=1768 6s
[dsr-3bit] 54/500 tok=2646 10s
[dsr-3bit] 55/500 tok=2304 8s LOOP@2304
[dsr-3bit] 56/500 tok=2301 8s
[dsr-3bit] 57/500 tok=1254 5s
[dsr-3bit] 58/500 tok=2689 10s
[dsr-3bit] 59/500 tok=3283 12s
[dsr-3bit] 60/500 tok=1620 6s
[dsr-3bit] 61/500 tok=8704 35s LOOP@8704
[dsr-3bit] 62/500 tok=3436 13s
[dsr-3bit] 63/500 tok=6144 24s LOOP@6144
[dsr-3bit] 64/500 tok=10752 45s LOOP@10752
[dsr-3bit] 65/500 tok=11520 49s LOOP@11520
[dsr-3bit] 66/500 tok=1476 5s
[dsr-3bit] 67/500 tok=2186 8s
[dsr-3bit] 68/500 tok=2934 11s
[dsr-3bit] 69/500 tok=2127 8s
[dsr-3bit] 70/500 tok=5888 23s LOOP@5888
[dsr-3bit] 71/500 tok=6550 26s
[dsr-3bit] 72/500 tok=7852 31s
[dsr-3bit] 73/500 tok=1177 4s
[dsr-3bit] 74/500 tok=1877 7s
[dsr-3bit] 75/500 tok=2977 11s
[dsr-3bit] 76/500 tok=13824 60s LOOP@13824
[dsr-3bit] 77/500 tok=4864 19s LOOP@4864
[dsr-3bit] 78/500 tok=1557 6s
[dsr-3bit] 79/500 tok=3660 14s
[dsr-3bit] 80/500 tok=1006 4s
[dsr-3bit] 81/500 tok=3328 12s LOOP@3328
[dsr-3bit] 82/500 tok=1728 6s
[dsr-3bit] 83/500 tok=6457 25s
[dsr-3bit] 84/500 tok=3605 13s
[dsr-3bit] 85/500 tok=4383 17s
[dsr-3bit] 86/500 tok=2040 7s
[dsr-3bit] 87/500 tok=1344 5s
[dsr-3bit] 88/500 tok=2356 9s
[dsr-3bit] 89/500 tok=5181 20s
[dsr-3bit] 90/500 tok=3594 13s
[dsr-3bit] 91/500 tok=2816 10s LOOP@2816
[dsr-3bit] 92/500 tok=1962 7s
[dsr-3bit] 93/500 tok=7902 32s
[dsr-3bit] 94/500 tok=951 3s
[dsr-3bit] 95/500 tok=8192 33s LOOP@8192
[dsr-3bit] 96/500 tok=1383 5s
[dsr-3bit] 97/500 tok=768 3s LOOP@768
[dsr-3bit] 98/500 tok=4608 18s LOOP@4608
[dsr-3bit] 99/500 tok=1441 5s
[dsr-3bit] 100/500 tok=10294 43s
[dsr-3bit] 101/500 tok=8960 37s LOOP@8960
[dsr-3bit] 102/500 tok=14579 64s
[dsr-3bit] 103/500 tok=968 3s
[dsr-3bit] 104/500 tok=16384 74s CAP
[dsr-3bit] 105/500 tok=12288 52s LOOP@12288
[dsr-3bit] 106/500 tok=7424 30s LOOP@7424
[dsr-3bit] 107/500 tok=1266 5s
[dsr-3bit] 108/500 tok=6400 25s LOOP@6400
[dsr-3bit] 109/500 tok=8192 33s LOOP@8192
[dsr-3bit] 110/500 tok=8192 33s LOOP@8192
[dsr-3bit] 111/500 tok=5632 22s LOOP@5632
[dsr-3bit] 112/500 tok=1437 5s
[dsr-3bit] 113/500 tok=7424 30s LOOP@7424
[dsr-3bit] 114/500 tok=2790 10s
[dsr-3bit] 115/500 tok=1606 6s
[dsr-3bit] 116/500 tok=7339 29s
[dsr-3bit] 117/500 tok=1837 7s
[dsr-3bit] 118/500 tok=1630 6s
[dsr-3bit] 119/500 tok=8370 34s
[dsr-3bit] 120/500 tok=6400 25s LOOP@6400
[dsr-3bit] 121/500 tok=5303 20s
[dsr-3bit] 122/500 tok=1387 5s
[dsr-3bit] 123/500 tok=1804 7s
[dsr-3bit] 124/500 tok=8410 34s
[dsr-3bit] 125/500 tok=2530 9s
[dsr-3bit] 126/500 tok=7554 30s
[dsr-3bit] 127/500 tok=16384 74s CAP
[dsr-3bit] 128/500 tok=3309 12s
[dsr-3bit] 129/500 tok=4096 16s LOOP@4096
[dsr-3bit] 130/500 tok=8706 35s
[dsr-3bit] 131/500 tok=16384 74s CAP
[dsr-3bit] 132/500 tok=2767 10s
[dsr-3bit] 133/500 tok=1269 5s
[dsr-3bit] 134/500 tok=6491 26s
[dsr-3bit] 135/500 tok=8448 34s LOOP@8448
[dsr-3bit] 136/500 tok=1765 7s
[dsr-3bit] 137/500 tok=7842 32s
[dsr-3bit] 138/500 tok=5464 21s
[dsr-3bit] 139/500 tok=1792 7s LOOP@1792
[dsr-3bit] 140/500 tok=5455 21s
[dsr-3bit] 141/500 tok=1411 5s
[dsr-3bit] 142/500 tok=10184 42s
[dsr-3bit] 143/500 tok=6144 24s LOOP@6144
[dsr-3bit] 144/500 tok=4321 16s
[dsr-3bit] 145/500 tok=2048 8s LOOP@2048
[dsr-3bit] 146/500 tok=11520 49s LOOP@11520
[dsr-3bit] 147/500 tok=3613 14s
[dsr-3bit] 148/500 tok=13824 60s LOOP@13824
[dsr-3bit] 149/500 tok=1595 6s
[dsr-3bit] 150/500 tok=5606 22s
[dsr-3bit] 151/500 tok=10716 45s
[dsr-3bit] 152/500 tok=6144 24s LOOP@6144
[dsr-3bit] 153/500 tok=9472 39s LOOP@9472
[dsr-3bit] 154/500 tok=1792 7s LOOP@1792
[dsr-3bit] 155/500 tok=5632 22s LOOP@5632
[dsr-3bit] 156/500 tok=3642 14s
[dsr-3bit] 157/500 tok=9728 40s LOOP@9728
[dsr-3bit] 158/500 tok=3369 13s
[dsr-3bit] 159/500 tok=5668 22s
[dsr-3bit] 160/500 tok=3311 12s
[dsr-3bit] 161/500 tok=2620 10s
[dsr-3bit] 162/500 tok=2019 7s
[dsr-3bit] 163/500 tok=6144 24s LOOP@6144
[dsr-3bit] 164/500 tok=4864 19s LOOP@4864
[dsr-3bit] 165/500 tok=10496 44s LOOP@10496
[dsr-3bit] 166/500 tok=7936 32s LOOP@7936
[dsr-3bit] 167/500 tok=10381 43s
[dsr-3bit] 168/500 tok=1518 6s
[dsr-3bit] 169/500 tok=9368 39s
[dsr-3bit] 170/500 tok=3338 12s
[dsr-3bit] 171/500 tok=14592 64s LOOP@14592
[dsr-3bit] 172/500 tok=2560 9s LOOP@2560
[dsr-3bit] 173/500 tok=1408 5s
[dsr-3bit] 174/500 tok=3360 13s
[dsr-3bit] 175/500 tok=2515 9s
[dsr-3bit] 176/500 tok=4429 17s
[dsr-3bit] 177/500 tok=7933 32s
[dsr-3bit] 178/500 tok=5120 20s LOOP@5120
[dsr-3bit] 179/500 tok=2333 9s
[dsr-3bit] 180/500 tok=6144 24s LOOP@6144
[dsr-3bit] 181/500 tok=4204 16s
[dsr-3bit] 182/500 tok=1985 7s
[dsr-3bit] 183/500 tok=1494 5s
[dsr-3bit] 184/500 tok=6121 24s
[dsr-3bit] 185/500 tok=7726 31s
[dsr-3bit] 186/500 tok=2597 10s
[dsr-3bit] 187/500 tok=12097 52s
[dsr-3bit] 188/500 tok=1230 4s
[dsr-3bit] 189/500 tok=2304 9s LOOP@2304
[dsr-3bit] 190/500 tok=6144 24s LOOP@6144
[dsr-3bit] 191/500 tok=5888 23s LOOP@5888
[dsr-3bit] 192/500 tok=1042 4s
[dsr-3bit] 193/500 tok=16384 74s CAP
[dsr-3bit] 194/500 tok=2268 8s
[dsr-3bit] 195/500 tok=9472 39s LOOP@9472
[dsr-3bit] 196/500 tok=4864 19s LOOP@4864
[dsr-3bit] 197/500 tok=3195 12s
[dsr-3bit] 198/500 tok=7168 28s LOOP@7168
[dsr-3bit] 199/500 tok=8423 34s
[dsr-3bit] 200/500 tok=2296 8s
[dsr-3bit] 201/500 tok=7680 31s LOOP@7680
[dsr-3bit] 202/500 tok=1711 6s
[dsr-3bit] 203/500 tok=6749 27s
[dsr-3bit] 204/500 tok=8538 35s
[dsr-3bit] 205/500 tok=11520 49s LOOP@11520
[dsr-3bit] 206/500 tok=12544 54s LOOP@12544
[dsr-3bit] 207/500 tok=3126 12s
[dsr-3bit] 208/500 tok=1819 7s
[dsr-3bit] 209/500 tok=2304 8s LOOP@2304
[dsr-3bit] 210/500 tok=8704 35s LOOP@8704
[dsr-3bit] 211/500 tok=4608 18s LOOP@4608
[dsr-3bit] 212/500 tok=2620 10s
[dsr-3bit] 213/500 tok=1346 5s
[dsr-3bit] 214/500 tok=11520 49s LOOP@11520
[dsr-3bit] 215/500 tok=6400 25s LOOP@6400
[dsr-3bit] 216/500 tok=1976 7s
[dsr-3bit] 217/500 tok=4990 19s
[dsr-3bit] 218/500 tok=9728 40s LOOP@9728
[dsr-3bit] 219/500 tok=1883 7s
[dsr-3bit] 220/500 tok=7424 30s LOOP@7424
[dsr-3bit] 221/500 tok=5120 20s LOOP@5120
[dsr-3bit] 222/500 tok=6125 24s
[dsr-3bit] 223/500 tok=7955 32s
[dsr-3bit] 224/500 tok=7168 28s LOOP@7168
[dsr-3bit] 225/500 tok=7809 31s
[dsr-3bit] 226/500 tok=1620 6s
[dsr-3bit] 227/500 tok=3559 13s
[dsr-3bit] 228/500 tok=1719 6s
[dsr-3bit] 229/500 tok=10537 44s
[dsr-3bit] 230/500 tok=4096 15s LOOP@4096
[dsr-3bit] 231/500 tok=3584 13s LOOP@3584
[dsr-3bit] 232/500 tok=3233 12s
[dsr-3bit] 233/500 tok=10752 45s LOOP@10752
[dsr-3bit] 234/500 tok=1277 5s
[dsr-3bit] 235/500 tok=5589 22s
[dsr-3bit] 236/500 tok=2312 9s
[dsr-3bit] 237/500 tok=8704 35s LOOP@8704
[dsr-3bit] 238/500 tok=4311 16s
[dsr-3bit] 239/500 tok=1587 6s
[dsr-3bit] 240/500 tok=4608 18s LOOP@4608
[dsr-3bit] 241/500 tok=4352 17s LOOP@4352
[dsr-3bit] 242/500 tok=2714 10s
[dsr-3bit] 243/500 tok=16384 74s CAP
[dsr-3bit] 244/500 tok=1813 7s
[dsr-3bit] 245/500 tok=3708 14s
[dsr-3bit] 246/500 tok=16384 74s CAP
[dsr-3bit] 247/500 tok=3328 12s LOOP@3328
[dsr-3bit] 248/500 tok=1840 7s
[dsr-3bit] 249/500 tok=6251 24s
[dsr-3bit] 250/500 tok=3057 11s
[dsr-3bit] 251/500 tok=1942 7s
[dsr-3bit] 252/500 tok=2626 10s
[dsr-3bit] 253/500 tok=2917 11s
[dsr-3bit] 254/500 tok=3135 12s
[dsr-3bit] 255/500 tok=1255 5s
[dsr-3bit] 256/500 tok=4127 16s
[dsr-3bit] 257/500 tok=2458 9s
[dsr-3bit] 258/500 tok=768 3s LOOP@768
[dsr-3bit] 259/500 tok=1209 4s
[dsr-3bit] 260/500 tok=1936 7s
[dsr-3bit] 261/500 tok=3063 11s
[dsr-3bit] 262/500 tok=1563 6s
[dsr-3bit] 263/500 tok=1658 6s
[dsr-3bit] 264/500 tok=1701 6s
[dsr-3bit] 265/500 tok=8192 33s LOOP@8192
[dsr-3bit] 266/500 tok=1702 6s
[dsr-3bit] 267/500 tok=1789 7s
[dsr-3bit] 268/500 tok=7424 30s LOOP@7424
[dsr-3bit] 269/500 tok=1452 5s
[dsr-3bit] 270/500 tok=4608 18s LOOP@4608
[dsr-3bit] 271/500 tok=2619 10s
[dsr-3bit] 272/500 tok=10496 44s LOOP@10496
[dsr-3bit] 273/500 tok=3930 15s
[dsr-3bit] 274/500 tok=6036 24s
[dsr-3bit] 275/500 tok=6912 27s LOOP@6912
[dsr-3bit] 276/500 tok=3397 13s
[dsr-3bit] 277/500 tok=3574 13s
[dsr-3bit] 278/500 tok=2816 10s LOOP@2816
[dsr-3bit] 279/500 tok=4626 18s
[dsr-3bit] 280/500 tok=3595 14s
[dsr-3bit] 281/500 tok=2560 9s LOOP@2560
[dsr-3bit] 282/500 tok=3776 14s
[dsr-3bit] 283/500 tok=3281 12s
[dsr-3bit] 284/500 tok=2172 8s
[dsr-3bit] 285/500 tok=4142 16s
[dsr-3bit] 286/500 tok=9216 38s LOOP@9216
[dsr-3bit] 287/500 tok=5888 23s LOOP@5888
[dsr-3bit] 288/500 tok=4599 17s
[dsr-3bit] 289/500 tok=7936 32s LOOP@7936
[dsr-3bit] 290/500 tok=2465 9s
[dsr-3bit] 291/500 tok=1791 6s
[dsr-3bit] 292/500 tok=7424 29s LOOP@7424
[dsr-3bit] 293/500 tok=11776 50s LOOP@11776
[dsr-3bit] 294/500 tok=4670 18s
[dsr-3bit] 295/500 tok=5120 20s LOOP@5120
[dsr-3bit] 296/500 tok=6400 25s LOOP@6400
[dsr-3bit] 297/500 tok=10518 44s
[dsr-3bit] 298/500 tok=4608 18s LOOP@4608
[dsr-3bit] 299/500 tok=12544 54s LOOP@12544
[dsr-3bit] 300/500 tok=6363 25s
[dsr-3bit] 301/500 tok=1267 5s
[dsr-3bit] 302/500 tok=4608 18s LOOP@4608
[dsr-3bit] 303/500 tok=11008 46s LOOP@11008
[dsr-3bit] 304/500 tok=11776 50s LOOP@11776
[dsr-3bit] 305/500 tok=5598 22s
[dsr-3bit] 306/500 tok=1720 6s
[dsr-3bit] 307/500 tok=9728 40s LOOP@9728
[dsr-3bit] 308/500 tok=11264 47s LOOP@11264
[dsr-3bit] 309/500 tok=7936 32s LOOP@7936
[dsr-3bit] 310/500 tok=9625 39s
[dsr-3bit] 311/500 tok=6400 25s LOOP@6400
[dsr-3bit] 312/500 tok=9785 40s
[dsr-3bit] 313/500 tok=693 2s
[dsr-3bit] 314/500 tok=1559 6s
[dsr-3bit] 315/500 tok=3220 12s
[dsr-3bit] 316/500 tok=3123 12s
[dsr-3bit] 317/500 tok=3232 12s
[dsr-3bit] 318/500 tok=3104 12s
[dsr-3bit] 319/500 tok=6144 24s LOOP@6144
[dsr-3bit] 320/500 tok=1024 4s LOOP@1024
[dsr-3bit] 321/500 tok=7497 30s
[dsr-3bit] 322/500 tok=4350 17s
[dsr-3bit] 323/500 tok=768 3s LOOP@768
[dsr-3bit] 324/500 tok=7424 29s LOOP@7424
[dsr-3bit] 325/500 tok=8704 36s LOOP@8704
[dsr-3bit] 326/500 tok=2287 8s
[dsr-3bit] 327/500 tok=5202 20s
[dsr-3bit] 328/500 tok=13056 57s LOOP@13056
[dsr-3bit] 329/500 tok=16384 74s CAP
[dsr-3bit] 330/500 tok=9216 38s LOOP@9216
[dsr-3bit] 331/500 tok=4023 15s
[dsr-3bit] 332/500 tok=5011 19s
[dsr-3bit] 333/500 tok=3072 11s LOOP@3072
[dsr-3bit] 334/500 tok=10752 45s LOOP@10752
[dsr-3bit] 335/500 tok=1090 4s
[dsr-3bit] 336/500 tok=5120 20s LOOP@5120
[dsr-3bit] 337/500 tok=3893 15s
[dsr-3bit] 338/500 tok=1679 6s
[dsr-3bit] 339/500 tok=16384 74s CAP
[dsr-3bit] 340/500 tok=8181 33s
[dsr-3bit] 341/500 tok=11520 49s LOOP@11520
[dsr-3bit] 342/500 tok=1374 5s
[dsr-3bit] 343/500 tok=1964 7s
[dsr-3bit] 344/500 tok=4076 15s
[dsr-3bit] 345/500 tok=1205 4s
[dsr-3bit] 346/500 tok=3171 12s
[dsr-3bit] 347/500 tok=3780 14s
[dsr-3bit] 348/500 tok=3899 15s
[dsr-3bit] 349/500 tok=2219 8s
[dsr-3bit] 350/500 tok=3328 12s LOOP@3328
[dsr-3bit] 351/500 tok=2921 11s
[dsr-3bit] 352/500 tok=15104 67s LOOP@15104
[dsr-3bit] 353/500 tok=7936 32s LOOP@7936
[dsr-3bit] 354/500 tok=5970 23s
[dsr-3bit] 355/500 tok=2716 10s
[dsr-3bit] 356/500 tok=16384 74s CAP
[dsr-3bit] 357/500 tok=7680 31s LOOP@7680
[dsr-3bit] 358/500 tok=4096 16s LOOP@4096
[dsr-3bit] 359/500 tok=3937 15s
[dsr-3bit] 360/500 tok=10240 43s LOOP@10240
[dsr-3bit] 361/500 tok=2816 11s LOOP@2816
[dsr-3bit] 362/500 tok=11264 48s LOOP@11264
[dsr-3bit] 363/500 tok=3074 11s
[dsr-3bit] 364/500 tok=4864 19s LOOP@4864
[dsr-3bit] 365/500 tok=5780 22s
[dsr-3bit] 366/500 tok=4864 19s LOOP@4864
[dsr-3bit] 367/500 tok=16384 74s CAP
[dsr-3bit] 368/500 tok=1442 5s
[dsr-3bit] 369/500 tok=1471 5s
[dsr-3bit] 370/500 tok=5887 23s
[dsr-3bit] 371/500 tok=1960 7s
[dsr-3bit] 372/500 tok=16384 74s LOOP@16384
[dsr-3bit] 373/500 tok=12065 52s
[dsr-3bit] 374/500 tok=4463 17s
[dsr-3bit] 375/500 tok=4940 19s
[dsr-3bit] 376/500 tok=2147 8s
[dsr-3bit] 377/500 tok=5587 22s
[dsr-3bit] 378/500 tok=6656 26s LOOP@6656
[dsr-3bit] 379/500 tok=2542 9s
[dsr-3bit] 380/500 tok=12800 56s LOOP@12800
[dsr-3bit] 381/500 tok=12544 54s LOOP@12544
[dsr-3bit] 382/500 tok=6830 27s
[dsr-3bit] 383/500 tok=4096 16s LOOP@4096
[dsr-3bit] 384/500 tok=1810 7s
[dsr-3bit] 385/500 tok=2816 10s LOOP@2816
[dsr-3bit] 386/500 tok=4864 19s LOOP@4864
[dsr-3bit] 387/500 tok=3119 12s
[dsr-3bit] 388/500 tok=2094 8s
[dsr-3bit] 389/500 tok=6912 27s LOOP@6912
[dsr-3bit] 390/500 tok=12032 52s LOOP@12032
[dsr-3bit] 391/500 tok=2483 9s
[dsr-3bit] 392/500 tok=6910 27s
[dsr-3bit] 393/500 tok=16128 73s LOOP@16128
[dsr-3bit] 394/500 tok=3824 14s
[dsr-3bit] 395/500 tok=6463 25s
[dsr-3bit] 396/500 tok=1280 5s LOOP@1280
[dsr-3bit] 397/500 tok=4096 16s LOOP@4096
[dsr-3bit] 398/500 tok=1863 7s
[dsr-3bit] 399/500 tok=6893 27s
[dsr-3bit] 400/500 tok=8116 33s
[dsr-3bit] 401/500 tok=9984 41s LOOP@9984
[dsr-3bit] 402/500 tok=6656 26s LOOP@6656
[dsr-3bit] 403/500 tok=7424 29s LOOP@7424
[dsr-3bit] 404/500 tok=4194 16s
[dsr-3bit] 405/500 tok=1033 4s
[dsr-3bit] 406/500 tok=3063 11s
[dsr-3bit] 407/500 tok=1890 7s
[dsr-3bit] 408/500 tok=2166 8s
[dsr-3bit] 409/500 tok=8920 36s
[dsr-3bit] 410/500 tok=8192 33s LOOP@8192
[dsr-3bit] 411/500 tok=5301 21s
[dsr-3bit] 412/500 tok=1148 4s
[dsr-3bit] 413/500 tok=8971 37s
[dsr-3bit] 414/500 tok=1758 6s
[dsr-3bit] 415/500 tok=2148 8s
[dsr-3bit] 416/500 tok=4300 16s
[dsr-3bit] 417/500 tok=6314 25s
[dsr-3bit] 418/500 tok=5990 23s
[dsr-3bit] 419/500 tok=3584 13s LOOP@3584
[dsr-3bit] 420/500 tok=7424 30s LOOP@7424
[dsr-3bit] 421/500 tok=3838 15s
[dsr-3bit] 422/500 tok=12800 55s LOOP@12800
[dsr-3bit] 423/500 tok=8192 33s LOOP@8192
[dsr-3bit] 424/500 tok=3369 13s
[dsr-3bit] 425/500 tok=2246 8s
[dsr-3bit] 426/500 tok=8192 33s LOOP@8192
[dsr-3bit] 427/500 tok=1690 6s
[dsr-3bit] 428/500 tok=3840 14s LOOP@3840
[dsr-3bit] 429/500 tok=2543 9s
[dsr-3bit] 430/500 tok=2182 8s
[dsr-3bit] 431/500 tok=1969 7s
[dsr-3bit] 432/500 tok=8648 35s
[dsr-3bit] 433/500 tok=7424 30s LOOP@7424
[dsr-3bit] 434/500 tok=5654 22s
[dsr-3bit] 435/500 tok=3514 13s
[dsr-3bit] 436/500 tok=3970 15s
[dsr-3bit] 437/500 tok=7229 29s
[dsr-3bit] 438/500 tok=2010 7s
[dsr-3bit] 439/500 tok=7936 32s LOOP@7936
[dsr-3bit] 440/500 tok=2814 10s
[dsr-3bit] 441/500 tok=2524 9s
[dsr-3bit] 442/500 tok=1531 6s
[dsr-3bit] 443/500 tok=3176 12s
[dsr-3bit] 444/500 tok=1439 5s
[dsr-3bit] 445/500 tok=8192 33s LOOP@8192
[dsr-3bit] 446/500 tok=8745 36s
[dsr-3bit] 447/500 tok=2157 8s
[dsr-3bit] 448/500 tok=1234 4s
[dsr-3bit] 449/500 tok=7860 31s
[dsr-3bit] 450/500 tok=1700 6s
[dsr-3bit] 451/500 tok=2032 7s
[dsr-3bit] 452/500 tok=7132 28s
[dsr-3bit] 453/500 tok=2396 9s
[dsr-3bit] 454/500 tok=3621 14s
[dsr-3bit] 455/500 tok=9472 40s LOOP@9472
[dsr-3bit] 456/500 tok=1839 7s
[dsr-3bit] 457/500 tok=3144 12s
[dsr-3bit] 458/500 tok=1365 5s
[dsr-3bit] 459/500 tok=12032 51s LOOP@12032
[dsr-3bit] 460/500 tok=4949 19s
[dsr-3bit] 461/500 tok=2612 10s
[dsr-3bit] 462/500 tok=4608 18s LOOP@4608
[dsr-3bit] 463/500 tok=12032 52s LOOP@12032
[dsr-3bit] 464/500 tok=1755 6s
[dsr-3bit] 465/500 tok=2395 9s
[dsr-3bit] 466/500 tok=1280 5s LOOP@1280
[dsr-3bit] 467/500 tok=5091 20s
[dsr-3bit] 468/500 tok=6656 27s LOOP@6656
[dsr-3bit] 469/500 tok=1792 7s LOOP@1792
[dsr-3bit] 470/500 tok=1734 6s
[dsr-3bit] 471/500 tok=9984 42s LOOP@9984
[dsr-3bit] 472/500 tok=2638 10s
[dsr-3bit] 473/500 tok=3002 11s
[dsr-3bit] 474/500 tok=6912 28s LOOP@6912
[dsr-3bit] 475/500 tok=1349 5s
[dsr-3bit] 476/500 tok=7424 30s LOOP@7424
[dsr-3bit] 477/500 tok=7168 29s LOOP@7168
[dsr-3bit] 478/500 tok=8167 33s
[dsr-3bit] 479/500 tok=5376 21s LOOP@5376
[dsr-3bit] 480/500 tok=9472 39s LOOP@9472
[dsr-3bit] 481/500 tok=12531 55s
[dsr-3bit] 482/500 tok=6144 24s LOOP@6144
[dsr-3bit] 483/500 tok=9216 38s LOOP@9216
[dsr-3bit] 484/500 tok=10752 46s LOOP@10752
[dsr-3bit] 485/500 tok=3991 15s
[dsr-3bit] 486/500 tok=7680 31s LOOP@7680
[dsr-3bit] 487/500 tok=6318 25s
[dsr-3bit] 488/500 tok=2662 10s
[dsr-3bit] 489/500 tok=2611 10s
[dsr-3bit] 490/500 tok=9216 38s LOOP@9216
[dsr-3bit] 491/500 tok=7424 30s LOOP@7424
[dsr-3bit] 492/500 tok=3584 14s LOOP@3584
[dsr-3bit] 493/500 tok=1536 6s LOOP@1536
[dsr-3bit] 494/500 tok=9313 39s
[dsr-3bit] 495/500 tok=8494 35s
[dsr-3bit] 496/500 tok=9123 38s
[dsr-3bit] 497/500 tok=2442 9s
[dsr-3bit] 498/500 tok=5376 21s LOOP@5376
[dsr-3bit] 499/500 tok=4646 18s
[dsr-3bit] 500/500 tok=6493 26s
[dsr-3bit] DONE
=== starting r1d-bf16 at Mon Aug  3 13:34:15 EDT 2026 ===
[r1d-bf16] resuming; 0 already done
Warning: You are sending unauthenticated requests to the HF Hub. Please set a HF_TOKEN to enable higher rate limits and faster downloads.
[r1d-bf16] 1/500 tok=937 8s
[r1d-bf16] 2/500 tok=16384 159s CAP
[r1d-bf16] 3/500 tok=2125 19s
[r1d-bf16] 4/500 tok=2421 21s
[r1d-bf16] 5/500 tok=11948 113s
[r1d-bf16] 6/500 tok=688 6s
[r1d-bf16] 7/500 tok=2530 22s
[r1d-bf16] 8/500 tok=11897 110s
[r1d-bf16] 9/500 tok=1228 11s
[r1d-bf16] 10/500 tok=13568 130s LOOP@13568
[r1d-bf16] 11/500 tok=5283 48s
[r1d-bf16] 12/500 tok=16384 159s CAP
[r1d-bf16] 13/500 tok=2721 24s
[r1d-bf16] 14/500 tok=625 6s
[r1d-bf16] 15/500 tok=3070 28s
[r1d-bf16] 16/500 tok=4861 44s
[r1d-bf16] 17/500 tok=1422 13s
[r1d-bf16] 18/500 tok=3890 35s
[r1d-bf16] 19/500 tok=5433 50s
[r1d-bf16] 20/500 tok=1502 13s
[r1d-bf16] 21/500 tok=1631 14s
[r1d-bf16] 22/500 tok=7622 70s
[r1d-bf16] 23/500 tok=1283 11s
[r1d-bf16] 24/500 tok=1591 14s
[r1d-bf16] 25/500 tok=16384 159s CAP
[r1d-bf16] 26/500 tok=2822 25s
[r1d-bf16] 27/500 tok=16384 159s CAP
[r1d-bf16] 28/500 tok=1417 12s
[r1d-bf16] 29/500 tok=3001 27s
[r1d-bf16] 30/500 tok=1916 17s
[r1d-bf16] 31/500 tok=1792 16s LOOP@1792
[r1d-bf16] 32/500 tok=1051 9s
[r1d-bf16] 33/500 tok=5365 48s
[r1d-bf16] 34/500 tok=6957 64s
[r1d-bf16] 35/500 tok=2032 18s
[r1d-bf16] 36/500 tok=3244 29s
[r1d-bf16] 37/500 tok=4789 43s
[r1d-bf16] 38/500 tok=1419 12s
[r1d-bf16] 39/500 tok=1464 13s
[r1d-bf16] 40/500 tok=4169 37s
[r1d-bf16] 41/500 tok=1233 11s
[r1d-bf16] 42/500 tok=12677 120s
[r1d-bf16] 43/500 tok=2290 20s
[r1d-bf16] 44/500 tok=16384 159s CAP
[r1d-bf16] 45/500 tok=1191 10s
[r1d-bf16] 46/500 tok=1320 12s
[r1d-bf16] 47/500 tok=4649 42s
[r1d-bf16] 48/500 tok=1035 9s
[r1d-bf16] 49/500 tok=2453 22s
[r1d-bf16] 50/500 tok=1084 9s
[r1d-bf16] 51/500 tok=3205 29s
[r1d-bf16] 52/500 tok=3072 27s LOOP@3072
[r1d-bf16] 53/500 tok=1429 13s
[r1d-bf16] 54/500 tok=1700 15s
[r1d-bf16] 55/500 tok=1982 18s
[r1d-bf16] 56/500 tok=2689 24s
[r1d-bf16] 57/500 tok=1475 13s
[r1d-bf16] 58/500 tok=2405 22s
[r1d-bf16] 59/500 tok=5942 55s
[r1d-bf16] 60/500 tok=1152 10s
[r1d-bf16] 61/500 tok=4741 43s
[r1d-bf16] 62/500 tok=2692 24s
[r1d-bf16] 63/500 tok=3221 29s
[r1d-bf16] 64/500 tok=2531 22s
[r1d-bf16] 65/500 tok=7168 66s LOOP@7168
[r1d-bf16] 66/500 tok=1377 12s
[r1d-bf16] 67/500 tok=2835 25s
[r1d-bf16] 68/500 tok=2143 19s
[r1d-bf16] 69/500 tok=1395 12s
[r1d-bf16] 70/500 tok=3570 32s
[r1d-bf16] 71/500 tok=1497 13s
[r1d-bf16] 72/500 tok=12804 122s
[r1d-bf16] 73/500 tok=1235 11s
[r1d-bf16] 74/500 tok=875 8s
[r1d-bf16] 75/500 tok=1107 10s
[r1d-bf16] 76/500 tok=2208 20s
[r1d-bf16] 77/500 tok=2558 23s
[r1d-bf16] 78/500 tok=1843 16s
[r1d-bf16] 79/500 tok=2200 20s
[r1d-bf16] 80/500 tok=3400 30s
[r1d-bf16] 81/500 tok=16384 158s CAP
[r1d-bf16] 82/500 tok=1678 15s
[r1d-bf16] 83/500 tok=9984 93s LOOP@9984
[r1d-bf16] 84/500 tok=3145 28s
[r1d-bf16] 85/500 tok=2667 23s
[r1d-bf16] 86/500 tok=1088 9s
[r1d-bf16] 87/500 tok=1274 11s
[r1d-bf16] 88/500 tok=1635 14s
[r1d-bf16] 89/500 tok=8100 73s
[r1d-bf16] 90/500 tok=1565 14s
[r1d-bf16] 91/500 tok=1009 9s
[r1d-bf16] 92/500 tok=3455 31s
[r1d-bf16] 93/500 tok=6093 55s
[r1d-bf16] 94/500 tok=1575 14s
[r1d-bf16] 95/500 tok=16384 156s CAP
[r1d-bf16] 96/500 tok=1644 14s
[r1d-bf16] 97/500 tok=16384 155s CAP
[r1d-bf16] 98/500 tok=4527 40s
[r1d-bf16] 99/500 tok=1185 10s
[r1d-bf16] 100/500 tok=2544 22s
[r1d-bf16] 101/500 tok=6604 59s
[r1d-bf16] 102/500 tok=16384 156s CAP
[r1d-bf16] 103/500 tok=2314 20s
[r1d-bf16] 104/500 tok=14315 136s
[r1d-bf16] 105/500 tok=16384 159s CAP
[r1d-bf16] 106/500 tok=6456 59s
[r1d-bf16] 107/500 tok=2962 26s
[r1d-bf16] 108/500 tok=1765 16s
[r1d-bf16] 109/500 tok=4087 37s
[r1d-bf16] 110/500 tok=3142 28s
[r1d-bf16] 111/500 tok=16384 160s CAP
[r1d-bf16] 112/500 tok=1135 10s
[r1d-bf16] 113/500 tok=4214 38s
[r1d-bf16] 114/500 tok=2367 21s
[r1d-bf16] 115/500 tok=1993 18s
[r1d-bf16] 116/500 tok=1317 12s
[r1d-bf16] 117/500 tok=1684 15s
[r1d-bf16] 118/500 tok=1001 9s
[r1d-bf16] 119/500 tok=8517 79s
[r1d-bf16] 120/500 tok=3072 27s LOOP@3072
[r1d-bf16] 121/500 tok=12032 114s LOOP@12032
[r1d-bf16] 122/500 tok=1578 14s
[r1d-bf16] 123/500 tok=1050 9s
[r1d-bf16] 124/500 tok=6564 60s
[r1d-bf16] 125/500 tok=2774 25s
[r1d-bf16] 126/500 tok=1247 11s
[r1d-bf16] 127/500 tok=16384 158s CAP
[r1d-bf16] 128/500 tok=3068 27s
[r1d-bf16] 129/500 tok=3704 33s
[r1d-bf16] 130/500 tok=12340 114s
[r1d-bf16] 131/500 tok=9148 84s
[r1d-bf16] 132/500 tok=2825 24s
[r1d-bf16] 133/500 tok=2624 23s
[r1d-bf16] 134/500 tok=1047 9s
[r1d-bf16] 135/500 tok=6135 54s
[r1d-bf16] 136/500 tok=1958 17s
[r1d-bf16] 137/500 tok=13347 124s
[r1d-bf16] 138/500 tok=6256 55s
[r1d-bf16] 139/500 tok=5857 52s
[r1d-bf16] 140/500 tok=6956 62s
[r1d-bf16] 141/500 tok=1292 11s
[r1d-bf16] 142/500 tok=894 8s
[r1d-bf16] 143/500 tok=2395 21s
[r1d-bf16] 144/500 tok=2390 21s
[r1d-bf16] 145/500 tok=1393 12s
[r1d-bf16] 146/500 tok=12280 113s
[r1d-bf16] 147/500 tok=2324 20s
[r1d-bf16] 148/500 tok=2560 22s LOOP@2560
[r1d-bf16] 149/500 tok=2317 20s
[r1d-bf16] 150/500 tok=2763 24s
[r1d-bf16] 151/500 tok=5670 50s
[r1d-bf16] 152/500 tok=4414 39s
[r1d-bf16] 153/500 tok=10101 93s
[r1d-bf16] 154/500 tok=2123 18s
[r1d-bf16] 155/500 tok=6604 59s
[r1d-bf16] 156/500 tok=2681 23s
[r1d-bf16] 157/500 tok=6105 54s
[r1d-bf16] 158/500 tok=3849 34s
[r1d-bf16] 159/500 tok=2604 23s
[r1d-bf16] 160/500 tok=2374 21s
[r1d-bf16] 161/500 tok=2300 20s
[r1d-bf16] 162/500 tok=3130 27s
[r1d-bf16] 163/500 tok=1563 14s
[r1d-bf16] 164/500 tok=10631 97s
[r1d-bf16] 165/500 tok=15346 146s
[r1d-bf16] 166/500 tok=1351 12s
[r1d-bf16] 167/500 tok=10133 93s
[r1d-bf16] 168/500 tok=1150 10s
[r1d-bf16] 169/500 tok=12786 121s
[r1d-bf16] 170/500 tok=2639 23s
[r1d-bf16] 171/500 tok=4276 38s
[r1d-bf16] 172/500 tok=1280 11s
[r1d-bf16] 173/500 tok=1715 15s
[r1d-bf16] 174/500 tok=5111 45s
[r1d-bf16] 175/500 tok=2194 19s
[r1d-bf16] 176/500 tok=2740 24s
[r1d-bf16] 177/500 tok=4636 41s
[r1d-bf16] 178/500 tok=8710 79s
[r1d-bf16] 179/500 tok=2940 26s
[r1d-bf16] 180/500 tok=4359 38s
[r1d-bf16] 181/500 tok=2408 21s
[r1d-bf16] 182/500 tok=5375 48s
[r1d-bf16] 183/500 tok=1289 11s
[r1d-bf16] 184/500 tok=2117 18s
[r1d-bf16] 185/500 tok=11163 104s
[r1d-bf16] 186/500 tok=1364 12s
[r1d-bf16] 187/500 tok=1781 15s
[r1d-bf16] 188/500 tok=1988 17s
[r1d-bf16] 189/500 tok=3933 35s
[r1d-bf16] 190/500 tok=14592 140s LOOP@14592
[r1d-bf16] 191/500 tok=3225 28s
[r1d-bf16] 192/500 tok=1721 15s
[r1d-bf16] 193/500 tok=3494 31s
[r1d-bf16] 194/500 tok=1173 10s
[r1d-bf16] 195/500 tok=4684 42s
[r1d-bf16] 196/500 tok=2865 25s
[r1d-bf16] 197/500 tok=2489 22s
[r1d-bf16] 198/500 tok=2703 24s
[r1d-bf16] 199/500 tok=1634 14s
[r1d-bf16] 200/500 tok=1001 9s
[r1d-bf16] 201/500 tok=1631 14s
[r1d-bf16] 202/500 tok=2417 21s
[r1d-bf16] 203/500 tok=6116 55s
[r1d-bf16] 204/500 tok=2851 25s
[r1d-bf16] 205/500 tok=16384 157s CAP
[r1d-bf16] 206/500 tok=1728 15s
[r1d-bf16] 207/500 tok=2207 19s
[r1d-bf16] 208/500 tok=1679 15s
[r1d-bf16] 209/500 tok=3865 34s
[r1d-bf16] 210/500 tok=2107 18s
[r1d-bf16] 211/500 tok=5954 54s
[r1d-bf16] 212/500 tok=3383 30s
[r1d-bf16] 213/500 tok=1661 14s
[r1d-bf16] 214/500 tok=8738 80s
[r1d-bf16] 215/500 tok=16384 157s CAP
[r1d-bf16] 216/500 tok=1735 15s
[r1d-bf16] 217/500 tok=4760 42s
[r1d-bf16] 218/500 tok=16384 157s CAP
[r1d-bf16] 219/500 tok=2831 25s
[r1d-bf16] 220/500 tok=16384 159s CAP
[r1d-bf16] 221/500 tok=2499 22s
[r1d-bf16] 222/500 tok=5740 52s
[r1d-bf16] 223/500 tok=8306 76s
[r1d-bf16] 224/500 tok=5209 47s
[r1d-bf16] 225/500 tok=13622 129s
[r1d-bf16] 226/500 tok=2025 18s
[r1d-bf16] 227/500 tok=3928 35s
[r1d-bf16] 228/500 tok=2883 25s
[r1d-bf16] 229/500 tok=2930 26s
[r1d-bf16] 230/500 tok=3375 30s
[r1d-bf16] 231/500 tok=3967 35s
[r1d-bf16] 232/500 tok=1632 14s
[r1d-bf16] 233/500 tok=11246 104s
[r1d-bf16] 234/500 tok=1333 12s
[r1d-bf16] 235/500 tok=3307 29s
[r1d-bf16] 236/500 tok=2560 22s
[r1d-bf16] 237/500 tok=11999 112s
[r1d-bf16] 238/500 tok=1873 16s
[r1d-bf16] 239/500 tok=1871 16s
[r1d-bf16] 240/500 tok=7350 67s
[r1d-bf16] 241/500 tok=2540 22s
[r1d-bf16] 242/500 tok=2366 21s
[r1d-bf16] 243/500 tok=4059 36s
[r1d-bf16] 244/500 tok=1430 12s
[r1d-bf16] 245/500 tok=2969 26s
[r1d-bf16] 246/500 tok=4177 37s
[r1d-bf16] 247/500 tok=7398 67s
[r1d-bf16] 248/500 tok=1457 13s
[r1d-bf16] 249/500 tok=4119 36s
[r1d-bf16] 250/500 tok=2328 20s
[r1d-bf16] 251/500 tok=1527 13s
[r1d-bf16] 252/500 tok=2201 19s
[r1d-bf16] 253/500 tok=2366 21s
[r1d-bf16] 254/500 tok=780 7s
[r1d-bf16] 255/500 tok=1525 13s
[r1d-bf16] 256/500 tok=1372 12s
[r1d-bf16] 257/500 tok=2475 21s
[r1d-bf16] 258/500 tok=1316 11s
[r1d-bf16] 259/500 tok=1532 13s
[r1d-bf16] 260/500 tok=1859 16s
[r1d-bf16] 261/500 tok=1706 15s
[r1d-bf16] 262/500 tok=2422 21s
[r1d-bf16] 263/500 tok=2438 21s
[r1d-bf16] 264/500 tok=2779 24s
[r1d-bf16] 265/500 tok=14077 134s
[r1d-bf16] 266/500 tok=1308 12s
[r1d-bf16] 267/500 tok=2192 19s
[r1d-bf16] 268/500 tok=4032 36s
[r1d-bf16] 269/500 tok=2646 23s
[r1d-bf16] 270/500 tok=1694 15s
[r1d-bf16] 271/500 tok=987 9s
[r1d-bf16] 272/500 tok=4958 45s
[r1d-bf16] 273/500 tok=2191 19s
[r1d-bf16] 274/500 tok=3878 35s
[r1d-bf16] 275/500 tok=5981 54s
[r1d-bf16] 276/500 tok=3044 27s
[r1d-bf16] 277/500 tok=3062 27s
[r1d-bf16] 278/500 tok=1464 13s
[r1d-bf16] 279/500 tok=1440 13s
[r1d-bf16] 280/500 tok=6568 60s
[r1d-bf16] 281/500 tok=1413 12s
[r1d-bf16] 282/500 tok=3173 28s
[r1d-bf16] 283/500 tok=5032 45s
[r1d-bf16] 284/500 tok=1230 11s
[r1d-bf16] 285/500 tok=2933 26s
[r1d-bf16] 286/500 tok=16384 158s CAP
[r1d-bf16] 287/500 tok=16384 158s CAP
[r1d-bf16] 288/500 tok=7115 65s
[r1d-bf16] 289/500 tok=2606 23s
[r1d-bf16] 290/500 tok=4864 44s
[r1d-bf16] 291/500 tok=1642 14s
[r1d-bf16] 292/500 tok=4802 43s
[r1d-bf16] 293/500 tok=4155 37s
[r1d-bf16] 294/500 tok=2657 23s
[r1d-bf16] 295/500 tok=5521 50s
[r1d-bf16] 296/500 tok=9582 89s
[r1d-bf16] 297/500 tok=14268 136s
[r1d-bf16] 298/500 tok=1855 16s
[r1d-bf16] 299/500 tok=6780 62s
[r1d-bf16] 300/500 tok=4776 43s
[r1d-bf16] 301/500 tok=1649 14s
[r1d-bf16] 302/500 tok=8973 84s
[r1d-bf16] 303/500 tok=3492 31s
[r1d-bf16] 304/500 tok=12174 115s
[r1d-bf16] 305/500 tok=3218 28s
[r1d-bf16] 306/500 tok=1625 14s
[r1d-bf16] 307/500 tok=9156 85s
[r1d-bf16] 308/500 tok=4475 40s
[r1d-bf16] 309/500 tok=14922 143s
[r1d-bf16] 310/500 tok=9639 89s
[r1d-bf16] 311/500 tok=2227 20s
[r1d-bf16] 312/500 tok=4831 43s
[r1d-bf16] 313/500 tok=928 8s
[r1d-bf16] 314/500 tok=1312 11s
[r1d-bf16] 315/500 tok=2060 18s
[r1d-bf16] 316/500 tok=2126 19s
[r1d-bf16] 317/500 tok=3161 28s
[r1d-bf16] 318/500 tok=7719 71s
[r1d-bf16] 319/500 tok=1337 12s
[r1d-bf16] 320/500 tok=1065 9s
[r1d-bf16] 321/500 tok=6495 59s
[r1d-bf16] 322/500 tok=1661 14s
[r1d-bf16] 323/500 tok=1252 11s
[r1d-bf16] 324/500 tok=7347 67s
[r1d-bf16] 325/500 tok=10635 100s
[r1d-bf16] 326/500 tok=1726 15s
[r1d-bf16] 327/500 tok=8463 78s
[r1d-bf16] 328/500 tok=12301 116s
[r1d-bf16] 329/500 tok=4010 36s
[r1d-bf16] 330/500 tok=1936 17s
[r1d-bf16] 331/500 tok=2763 24s
[r1d-bf16] 332/500 tok=2249 20s
[r1d-bf16] 333/500 tok=3998 36s
[r1d-bf16] 334/500 tok=7680 70s
[r1d-bf16] 335/500 tok=1292 11s
[r1d-bf16] 336/500 tok=3333 29s
[r1d-bf16] 337/500 tok=1842 16s
[r1d-bf16] 338/500 tok=1116 10s
[r1d-bf16] 339/500 tok=3377 30s
[r1d-bf16] 340/500 tok=2550 22s
[r1d-bf16] 341/500 tok=16384 158s CAP
[r1d-bf16] 342/500 tok=1423 12s
[r1d-bf16] 343/500 tok=3045 27s
[r1d-bf16] 344/500 tok=1084 9s
[r1d-bf16] 345/500 tok=1288 11s
[r1d-bf16] 346/500 tok=3181 28s
[r1d-bf16] 347/500 tok=1857 16s
[r1d-bf16] 348/500 tok=1880 16s
[r1d-bf16] 349/500 tok=2778 25s
[r1d-bf16] 350/500 tok=10585 99s
[r1d-bf16] 351/500 tok=2030 18s
[r1d-bf16] 352/500 tok=16384 158s CAP
[r1d-bf16] 353/500 tok=16384 158s CAP
[r1d-bf16] 354/500 tok=5878 53s
[r1d-bf16] 355/500 tok=1688 15s
[r1d-bf16] 356/500 tok=7359 67s
[r1d-bf16] 357/500 tok=2796 25s
[r1d-bf16] 358/500 tok=2670 24s
[r1d-bf16] 359/500 tok=2508 22s
[r1d-bf16] 360/500 tok=2732 24s
[r1d-bf16] 361/500 tok=2381 21s
[r1d-bf16] 362/500 tok=4922 44s
[r1d-bf16] 363/500 tok=1640 14s
[r1d-bf16] 364/500 tok=1677 15s
[r1d-bf16] 365/500 tok=3270 29s
[r1d-bf16] 366/500 tok=5297 48s
[r1d-bf16] 367/500 tok=1941 17s
[r1d-bf16] 368/500 tok=1186 10s
[r1d-bf16] 369/500 tok=996 9s
[r1d-bf16] 370/500 tok=8849 82s
[r1d-bf16] 371/500 tok=1703 15s
[r1d-bf16] 372/500 tok=5910 54s
[r1d-bf16] 373/500 tok=3713 33s
[r1d-bf16] 374/500 tok=3398 30s
[r1d-bf16] 375/500 tok=1666 15s
[r1d-bf16] 376/500 tok=1751 15s
[r1d-bf16] 377/500 tok=2319 21s
[r1d-bf16] 378/500 tok=5152 48s
[r1d-bf16] 379/500 tok=3415 30s
[r1d-bf16] 380/500 tok=3467 31s
[r1d-bf16] 381/500 tok=4752 43s
[r1d-bf16] 382/500 tok=10830 101s
[r1d-bf16] 383/500 tok=2997 27s
[r1d-bf16] 384/500 tok=1313 11s
[r1d-bf16] 385/500 tok=1250 11s
[r1d-bf16] 386/500 tok=10425 97s
[r1d-bf16] 387/500 tok=1298 11s
[r1d-bf16] 388/500 tok=3126 28s
[r1d-bf16] 389/500 tok=1532 13s
[r1d-bf16] 390/500 tok=2668 24s
[r1d-bf16] 391/500 tok=2460 22s
[r1d-bf16] 392/500 tok=4251 38s
[r1d-bf16] 393/500 tok=16384 158s CAP
[r1d-bf16] 394/500 tok=868 8s
[r1d-bf16] 395/500 tok=4706 42s
[r1d-bf16] 396/500 tok=2560 23s
[r1d-bf16] 397/500 tok=15117 145s
[r1d-bf16] 398/500 tok=3432 30s
[r1d-bf16] 399/500 tok=6620 60s
[r1d-bf16] 400/500 tok=3121 28s
[r1d-bf16] 401/500 tok=16384 158s CAP
[r1d-bf16] 402/500 tok=9081 84s
[r1d-bf16] 403/500 tok=2817 25s
[r1d-bf16] 404/500 tok=2651 23s
[r1d-bf16] 405/500 tok=1457 13s
[r1d-bf16] 406/500 tok=1911 17s
[r1d-bf16] 407/500 tok=3147 28s
[r1d-bf16] 408/500 tok=1743 15s
[r1d-bf16] 409/500 tok=4828 43s
[r1d-bf16] 410/500 tok=7423 68s
[r1d-bf16] 411/500 tok=1349 12s
[r1d-bf16] 412/500 tok=1391 12s
[r1d-bf16] 413/500 tok=14726 141s
[r1d-bf16] 414/500 tok=2746 24s
[r1d-bf16] 415/500 tok=1371 12s
[r1d-bf16] 416/500 tok=5729 52s
[r1d-bf16] 417/500 tok=5066 46s
[r1d-bf16] 418/500 tok=2354 21s
[r1d-bf16] 419/500 tok=2443 22s
[r1d-bf16] 420/500 tok=6820 62s
[r1d-bf16] 421/500 tok=2631 23s
[r1d-bf16] 422/500 tok=13434 127s
[r1d-bf16] 423/500 tok=16384 158s CAP
[r1d-bf16] 424/500 tok=4173 37s
[r1d-bf16] 425/500 tok=1448 13s
[r1d-bf16] 426/500 tok=6918 63s
[r1d-bf16] 427/500 tok=1323 12s
[r1d-bf16] 428/500 tok=1952 17s
[r1d-bf16] 429/500 tok=6500 59s
[r1d-bf16] 430/500 tok=2663 24s
[r1d-bf16] 431/500 tok=1433 13s
[r1d-bf16] 432/500 tok=3932 35s
[r1d-bf16] 433/500 tok=16384 158s CAP
[r1d-bf16] 434/500 tok=3669 33s
[r1d-bf16] 435/500 tok=6740 61s
[r1d-bf16] 436/500 tok=1370 12s
[r1d-bf16] 437/500 tok=1929 17s
[r1d-bf16] 438/500 tok=1663 15s
[r1d-bf16] 439/500 tok=2884 26s
[r1d-bf16] 440/500 tok=3320 30s
[r1d-bf16] 441/500 tok=1822 16s
[r1d-bf16] 442/500 tok=2555 23s
[r1d-bf16] 443/500 tok=1255 11s
[r1d-bf16] 444/500 tok=1335 12s
[r1d-bf16] 445/500 tok=16384 158s CAP
[r1d-bf16] 446/500 tok=14732 141s
[r1d-bf16] 447/500 tok=2140 19s
[r1d-bf16] 448/500 tok=1135 10s
[r1d-bf16] 449/500 tok=3912 35s
[r1d-bf16] 450/500 tok=2374 21s
[r1d-bf16] 451/500 tok=1924 17s
[r1d-bf16] 452/500 tok=1701 15s
[r1d-bf16] 453/500 tok=1687 15s
[r1d-bf16] 454/500 tok=1717 15s
[r1d-bf16] 455/500 tok=2931 26s
[r1d-bf16] 456/500 tok=1044 9s
[r1d-bf16] 457/500 tok=1728 15s
[r1d-bf16] 458/500 tok=850 7s
[r1d-bf16] 459/500 tok=2571 23s
[r1d-bf16] 460/500 tok=4484 40s
[r1d-bf16] 461/500 tok=4566 41s
[r1d-bf16] 462/500 tok=1492 13s
[r1d-bf16] 463/500 tok=2282 20s
[r1d-bf16] 464/500 tok=1314 11s
[r1d-bf16] 465/500 tok=1653 14s
[r1d-bf16] 466/500 tok=1633 14s
[r1d-bf16] 467/500 tok=15415 148s
[r1d-bf16] 468/500 tok=2304 20s
[r1d-bf16] 469/500 tok=2940 26s
[r1d-bf16] 470/500 tok=2162 19s
[r1d-bf16] 471/500 tok=13178 125s
[r1d-bf16] 472/500 tok=1983 17s
[r1d-bf16] 473/500 tok=1249 11s
[r1d-bf16] 474/500 tok=2635 23s
[r1d-bf16] 475/500 tok=3202 28s
[r1d-bf16] 476/500 tok=16384 158s CAP
[r1d-bf16] 477/500 tok=1129 10s
[r1d-bf16] 478/500 tok=2576 23s
[r1d-bf16] 479/500 tok=15373 148s
[r1d-bf16] 480/500 tok=1371 12s
[r1d-bf16] 481/500 tok=2057 18s
[r1d-bf16] 482/500 tok=16384 158s CAP
[r1d-bf16] 483/500 tok=1841 16s
[r1d-bf16] 484/500 tok=16329 158s
[r1d-bf16] 485/500 tok=2413 21s
[r1d-bf16] 486/500 tok=4931 45s
[r1d-bf16] 487/500 tok=8105 74s
[r1d-bf16] 488/500 tok=2215 20s
[r1d-bf16] 489/500 tok=2464 22s
[r1d-bf16] 490/500 tok=2903 26s
[r1d-bf16] 491/500 tok=9995 93s
[r1d-bf16] 492/500 tok=2802 25s
[r1d-bf16] 493/500 tok=1216 11s
[r1d-bf16] 494/500 tok=5990 54s
[r1d-bf16] 495/500 tok=10227 95s
[r1d-bf16] 496/500 tok=1754 15s
[r1d-bf16] 497/500 tok=2224 20s
[r1d-bf16] 498/500 tok=14848 142s LOOP@14848
[r1d-bf16] 499/500 tok=4458 40s
[r1d-bf16] 500/500 tok=2594 23s
[r1d-bf16] DONE
=== starting dsr-bf16 at Mon Aug  3 19:24:09 EDT 2026 ===
[dsr-bf16] resuming; 0 already done
Warning: You are sending unauthenticated requests to the HF Hub. Please set a HF_TOKEN to enable higher rate limits and faster downloads.
[dsr-bf16] 1/500 tok=1075 9s
[dsr-bf16] 2/500 tok=2049 18s
[dsr-bf16] 3/500 tok=1710 15s
[dsr-bf16] 4/500 tok=1441 13s
[dsr-bf16] 5/500 tok=3818 34s
[dsr-bf16] 6/500 tok=1043 9s
[dsr-bf16] 7/500 tok=1499 13s
[dsr-bf16] 8/500 tok=3349 30s
[dsr-bf16] 9/500 tok=1698 15s
[dsr-bf16] 10/500 tok=7315 67s
[dsr-bf16] 11/500 tok=1458 13s
[dsr-bf16] 12/500 tok=3510 31s
[dsr-bf16] 13/500 tok=2574 23s
[dsr-bf16] 14/500 tok=682 6s
[dsr-bf16] 15/500 tok=4897 44s
[dsr-bf16] 16/500 tok=2622 23s
[dsr-bf16] 17/500 tok=1319 11s
[dsr-bf16] 18/500 tok=3823 34s
[dsr-bf16] 19/500 tok=8476 78s
[dsr-bf16] 20/500 tok=1913 17s
[dsr-bf16] 21/500 tok=1591 14s
[dsr-bf16] 22/500 tok=4943 44s
[dsr-bf16] 23/500 tok=3737 33s
[dsr-bf16] 24/500 tok=1559 14s
[dsr-bf16] 25/500 tok=2245 20s
[dsr-bf16] 26/500 tok=4043 36s
[dsr-bf16] 27/500 tok=7620 70s
[dsr-bf16] 28/500 tok=1082 9s
[dsr-bf16] 29/500 tok=1523 13s
[dsr-bf16] 30/500 tok=1240 11s
[dsr-bf16] 31/500 tok=2022 18s
[dsr-bf16] 32/500 tok=1531 13s
[dsr-bf16] 33/500 tok=1608 14s
[dsr-bf16] 34/500 tok=2327 21s
[dsr-bf16] 35/500 tok=2699 24s
[dsr-bf16] 36/500 tok=2295 20s
[dsr-bf16] 37/500 tok=2689 24s
[dsr-bf16] 38/500 tok=897 8s
[dsr-bf16] 39/500 tok=954 8s
[dsr-bf16] 40/500 tok=1646 14s
[dsr-bf16] 41/500 tok=663 6s
[dsr-bf16] 42/500 tok=1656 15s
[dsr-bf16] 43/500 tok=921 8s
[dsr-bf16] 44/500 tok=9132 84s
[dsr-bf16] 45/500 tok=1566 14s
[dsr-bf16] 46/500 tok=1313 11s
[dsr-bf16] 47/500 tok=4078 37s
[dsr-bf16] 48/500 tok=1164 10s
[dsr-bf16] 49/500 tok=1346 12s
[dsr-bf16] 50/500 tok=1539 13s
[dsr-bf16] 51/500 tok=3604 32s
[dsr-bf16] 52/500 tok=3543 32s
[dsr-bf16] 53/500 tok=1787 16s
[dsr-bf16] 54/500 tok=986 9s
[dsr-bf16] 55/500 tok=1142 10s
[dsr-bf16] 56/500 tok=2201 19s
[dsr-bf16] 57/500 tok=926 8s
[dsr-bf16] 58/500 tok=1342 12s
[dsr-bf16] 59/500 tok=1878 17s
[dsr-bf16] 60/500 tok=1001 9s
[dsr-bf16] 61/500 tok=3873 35s
[dsr-bf16] 62/500 tok=2875 25s
[dsr-bf16] 63/500 tok=3781 34s
[dsr-bf16] 64/500 tok=4172 37s
[dsr-bf16] 65/500 tok=6774 62s
[dsr-bf16] 66/500 tok=779 7s
[dsr-bf16] 67/500 tok=1960 17s
[dsr-bf16] 68/500 tok=2524 22s
[dsr-bf16] 69/500 tok=2292 20s
[dsr-bf16] 70/500 tok=2153 19s
[dsr-bf16] 71/500 tok=1077 9s
[dsr-bf16] 72/500 tok=8592 79s
[dsr-bf16] 73/500 tok=1197 10s
[dsr-bf16] 74/500 tok=1170 10s
[dsr-bf16] 75/500 tok=2519 22s
[dsr-bf16] 76/500 tok=1592 14s
[dsr-bf16] 77/500 tok=2736 24s
[dsr-bf16] 78/500 tok=1202 11s
[dsr-bf16] 79/500 tok=2055 18s
[dsr-bf16] 80/500 tok=881 8s
[dsr-bf16] 81/500 tok=8468 78s
[dsr-bf16] 82/500 tok=999 9s
[dsr-bf16] 83/500 tok=6063 55s
[dsr-bf16] 84/500 tok=2380 21s
[dsr-bf16] 85/500 tok=2513 22s
[dsr-bf16] 86/500 tok=1186 10s
[dsr-bf16] 87/500 tok=1180 10s
[dsr-bf16] 88/500 tok=1565 14s
[dsr-bf16] 89/500 tok=7070 64s
[dsr-bf16] 90/500 tok=2758 24s
[dsr-bf16] 91/500 tok=820 7s
[dsr-bf16] 92/500 tok=1932 17s
[dsr-bf16] 93/500 tok=3361 30s
[dsr-bf16] 94/500 tok=1623 14s
[dsr-bf16] 95/500 tok=7372 68s
[dsr-bf16] 96/500 tok=1673 15s
[dsr-bf16] 97/500 tok=5452 49s
[dsr-bf16] 98/500 tok=1797 16s
[dsr-bf16] 99/500 tok=1003 9s
[dsr-bf16] 100/500 tok=2091 18s
[dsr-bf16] 101/500 tok=13938 133s
[dsr-bf16] 102/500 tok=8768 81s
[dsr-bf16] 103/500 tok=1134 10s
[dsr-bf16] 104/500 tok=10886 102s
[dsr-bf16] 105/500 tok=4783 44s
[dsr-bf16] 106/500 tok=1410 13s
[dsr-bf16] 107/500 tok=1113 10s
[dsr-bf16] 108/500 tok=2080 19s
[dsr-bf16] 109/500 tok=4172 39s
[dsr-bf16] 110/500 tok=2402 22s
[dsr-bf16] 111/500 tok=16384 161s CAP
[dsr-bf16] 112/500 tok=1104 10s
[dsr-bf16] 113/500 tok=6327 58s
[dsr-bf16] 114/500 tok=1301 12s
[dsr-bf16] 115/500 tok=1762 16s
[dsr-bf16] 116/500 tok=1655 15s
[dsr-bf16] 117/500 tok=955 9s
[dsr-bf16] 118/500 tok=944 9s
[dsr-bf16] 119/500 tok=6242 58s
[dsr-bf16] 120/500 tok=5026 46s
[dsr-bf16] 121/500 tok=3611 32s
[dsr-bf16] 122/500 tok=914 8s
[dsr-bf16] 123/500 tok=1264 11s
[dsr-bf16] 124/500 tok=4734 44s
[dsr-bf16] 125/500 tok=1844 17s
[dsr-bf16] 126/500 tok=1234 11s
[dsr-bf16] 127/500 tok=3700 34s
[dsr-bf16] 128/500 tok=1964 18s
[dsr-bf16] 129/500 tok=1786 16s
[dsr-bf16] 130/500 tok=4917 44s
[dsr-bf16] 131/500 tok=3414 30s
[dsr-bf16] 132/500 tok=2226 20s
[dsr-bf16] 133/500 tok=1301 11s
[dsr-bf16] 134/500 tok=3022 27s
[dsr-bf16] 135/500 tok=2067 18s
[dsr-bf16] 136/500 tok=1294 11s
[dsr-bf16] 137/500 tok=3369 30s
[dsr-bf16] 138/500 tok=2714 24s
[dsr-bf16] 139/500 tok=6397 58s
[dsr-bf16] 140/500 tok=4631 41s
[dsr-bf16] 141/500 tok=1247 11s
[dsr-bf16] 142/500 tok=2061 18s
[dsr-bf16] 143/500 tok=1703 15s
[dsr-bf16] 144/500 tok=2316 20s
[dsr-bf16] 145/500 tok=1404 12s
[dsr-bf16] 146/500 tok=7697 70s
[dsr-bf16] 147/500 tok=1944 17s
[dsr-bf16] 148/500 tok=6368 58s
[dsr-bf16] 149/500 tok=752 7s
[dsr-bf16] 150/500 tok=1276 11s
[dsr-bf16] 151/500 tok=3831 34s
[dsr-bf16] 152/500 tok=3751 33s
[dsr-bf16] 153/500 tok=5652 51s
[dsr-bf16] 154/500 tok=1777 16s
[dsr-bf16] 155/500 tok=8797 81s
[dsr-bf16] 156/500 tok=2151 19s
[dsr-bf16] 157/500 tok=7781 71s
[dsr-bf16] 158/500 tok=1712 15s
[dsr-bf16] 159/500 tok=2288 20s
[dsr-bf16] 160/500 tok=2800 25s
[dsr-bf16] 161/500 tok=2469 22s
[dsr-bf16] 162/500 tok=962 8s
[dsr-bf16] 163/500 tok=1812 16s
[dsr-bf16] 164/500 tok=10290 95s
[dsr-bf16] 165/500 tok=4107 36s
[dsr-bf16] 166/500 tok=4083 36s
[dsr-bf16] 167/500 tok=4759 43s
[dsr-bf16] 168/500 tok=1003 9s
[dsr-bf16] 169/500 tok=10026 94s
[dsr-bf16] 170/500 tok=1229 11s
[dsr-bf16] 171/500 tok=4849 43s
[dsr-bf16] 172/500 tok=1255 11s
[dsr-bf16] 173/500 tok=1565 14s
[dsr-bf16] 174/500 tok=2806 25s
[dsr-bf16] 175/500 tok=1362 12s
[dsr-bf16] 176/500 tok=1858 16s
[dsr-bf16] 177/500 tok=4638 41s
[dsr-bf16] 178/500 tok=4120 37s
[dsr-bf16] 179/500 tok=1264 11s
[dsr-bf16] 180/500 tok=2193 19s
[dsr-bf16] 181/500 tok=2189 19s
[dsr-bf16] 182/500 tok=2308 20s
[dsr-bf16] 183/500 tok=949 8s
[dsr-bf16] 184/500 tok=1828 16s
[dsr-bf16] 185/500 tok=5407 48s
[dsr-bf16] 186/500 tok=1005 9s
[dsr-bf16] 187/500 tok=1266 11s
[dsr-bf16] 188/500 tok=1241 11s
[dsr-bf16] 189/500 tok=3316 29s
[dsr-bf16] 190/500 tok=4885 44s
[dsr-bf16] 191/500 tok=1918 17s
[dsr-bf16] 192/500 tok=887 8s
[dsr-bf16] 193/500 tok=1869 16s
[dsr-bf16] 194/500 tok=1221 11s
[dsr-bf16] 195/500 tok=3124 27s
[dsr-bf16] 196/500 tok=1588 14s
[dsr-bf16] 197/500 tok=2320 20s
[dsr-bf16] 198/500 tok=3885 34s
[dsr-bf16] 199/500 tok=1530 13s
[dsr-bf16] 200/500 tok=924 8s
[dsr-bf16] 201/500 tok=2312 20s
[dsr-bf16] 202/500 tok=1892 16s
[dsr-bf16] 203/500 tok=1523 13s
[dsr-bf16] 204/500 tok=1646 14s
[dsr-bf16] 205/500 tok=12309 115s
[dsr-bf16] 206/500 tok=2034 18s
[dsr-bf16] 207/500 tok=1694 15s
[dsr-bf16] 208/500 tok=1087 9s
[dsr-bf16] 209/500 tok=1260 11s
[dsr-bf16] 210/500 tok=1451 13s
[dsr-bf16] 211/500 tok=7603 69s
[dsr-bf16] 212/500 tok=1767 15s
[dsr-bf16] 213/500 tok=1061 9s
[dsr-bf16] 214/500 tok=7614 69s
[dsr-bf16] 215/500 tok=1839 16s
[dsr-bf16] 216/500 tok=1374 12s
[dsr-bf16] 217/500 tok=1658 14s
[dsr-bf16] 218/500 tok=6080 55s
[dsr-bf16] 219/500 tok=1361 12s
[dsr-bf16] 220/500 tok=5909 54s
[dsr-bf16] 221/500 tok=2163 19s
[dsr-bf16] 222/500 tok=2339 20s
[dsr-bf16] 223/500 tok=4548 41s
[dsr-bf16] 224/500 tok=3871 34s
[dsr-bf16] 225/500 tok=6932 63s
[dsr-bf16] 226/500 tok=2008 18s
[dsr-bf16] 227/500 tok=2995 26s
[dsr-bf16] 228/500 tok=1156 10s
[dsr-bf16] 229/500 tok=7745 71s
[dsr-bf16] 230/500 tok=992 9s
[dsr-bf16] 231/500 tok=1689 15s
[dsr-bf16] 232/500 tok=1616 14s
[dsr-bf16] 233/500 tok=4827 43s
[dsr-bf16] 234/500 tok=1116 10s
[dsr-bf16] 235/500 tok=2165 19s
[dsr-bf16] 236/500 tok=1304 11s
[dsr-bf16] 237/500 tok=6286 56s
[dsr-bf16] 238/500 tok=1660 14s
[dsr-bf16] 239/500 tok=1852 16s
[dsr-bf16] 240/500 tok=7453 68s
[dsr-bf16] 241/500 tok=3686 33s
[dsr-bf16] 242/500 tok=3922 35s
[dsr-bf16] 243/500 tok=8083 74s
[dsr-bf16] 244/500 tok=1192 10s
[dsr-bf16] 245/500 tok=2350 21s
[dsr-bf16] 246/500 tok=2348 21s
[dsr-bf16] 247/500 tok=1430 13s
[dsr-bf16] 248/500 tok=1784 16s
[dsr-bf16] 249/500 tok=6353 57s
[dsr-bf16] 250/500 tok=3029 27s
[dsr-bf16] 251/500 tok=1484 13s
[dsr-bf16] 252/500 tok=3296 29s
[dsr-bf16] 253/500 tok=2308 20s
[dsr-bf16] 254/500 tok=1372 12s
[dsr-bf16] 255/500 tok=1067 9s
[dsr-bf16] 256/500 tok=1117 10s
[dsr-bf16] 257/500 tok=2477 22s
[dsr-bf16] 258/500 tok=1482 13s
[dsr-bf16] 259/500 tok=1382 12s
[dsr-bf16] 260/500 tok=870 8s
[dsr-bf16] 261/500 tok=2160 19s
[dsr-bf16] 262/500 tok=1064 9s
[dsr-bf16] 263/500 tok=914 8s
[dsr-bf16] 264/500 tok=1075 9s
[dsr-bf16] 265/500 tok=11865 112s
[dsr-bf16] 266/500 tok=1298 11s
[dsr-bf16] 267/500 tok=1605 14s
[dsr-bf16] 268/500 tok=3550 32s
[dsr-bf16] 269/500 tok=1220 11s
[dsr-bf16] 270/500 tok=2058 18s
[dsr-bf16] 271/500 tok=1462 13s
[dsr-bf16] 272/500 tok=2327 21s
[dsr-bf16] 273/500 tok=2568 23s
[dsr-bf16] 274/500 tok=1935 17s
[dsr-bf16] 275/500 tok=3034 27s
[dsr-bf16] 276/500 tok=1351 12s
[dsr-bf16] 277/500 tok=1461 13s
[dsr-bf16] 278/500 tok=742 6s
[dsr-bf16] 279/500 tok=1543 13s
[dsr-bf16] 280/500 tok=2504 22s
[dsr-bf16] 281/500 tok=1208 11s
[dsr-bf16] 282/500 tok=2217 20s
[dsr-bf16] 283/500 tok=2477 22s
[dsr-bf16] 284/500 tok=1080 9s
[dsr-bf16] 285/500 tok=3075 27s
[dsr-bf16] 286/500 tok=6783 62s
[dsr-bf16] 287/500 tok=4864 44s LOOP@4864
[dsr-bf16] 288/500 tok=2430 21s
[dsr-bf16] 289/500 tok=10186 94s
[dsr-bf16] 290/500 tok=2419 21s
[dsr-bf16] 291/500 tok=1168 10s
[dsr-bf16] 292/500 tok=2143 19s
[dsr-bf16] 293/500 tok=5160 46s
[dsr-bf16] 294/500 tok=1769 15s
[dsr-bf16] 295/500 tok=4769 43s
[dsr-bf16] 296/500 tok=5319 48s
[dsr-bf16] 297/500 tok=3698 33s
[dsr-bf16] 298/500 tok=1329 12s
[dsr-bf16] 299/500 tok=2449 22s
[dsr-bf16] 300/500 tok=2158 19s
[dsr-bf16] 301/500 tok=1663 15s
[dsr-bf16] 302/500 tok=5917 54s
[dsr-bf16] 303/500 tok=3257 29s
[dsr-bf16] 304/500 tok=7025 64s
[dsr-bf16] 305/500 tok=1980 17s
[dsr-bf16] 306/500 tok=987 9s
[dsr-bf16] 307/500 tok=5104 46s
[dsr-bf16] 308/500 tok=4053 36s
[dsr-bf16] 309/500 tok=9709 90s
[dsr-bf16] 310/500 tok=5615 51s
[dsr-bf16] 311/500 tok=2403 21s
[dsr-bf16] 312/500 tok=3808 34s
[dsr-bf16] 313/500 tok=569 5s
[dsr-bf16] 314/500 tok=1180 10s
[dsr-bf16] 315/500 tok=1301 11s
[dsr-bf16] 316/500 tok=2536 22s
[dsr-bf16] 317/500 tok=2001 18s
[dsr-bf16] 318/500 tok=8693 80s
[dsr-bf16] 319/500 tok=1570 14s
[dsr-bf16] 320/500 tok=864 7s
[dsr-bf16] 321/500 tok=5409 49s
[dsr-bf16] 322/500 tok=933 8s
[dsr-bf16] 323/500 tok=891 8s
[dsr-bf16] 324/500 tok=4524 41s
[dsr-bf16] 325/500 tok=5383 51s
[dsr-bf16] 326/500 tok=1147 10s
[dsr-bf16] 327/500 tok=4277 40s
[dsr-bf16] 328/500 tok=5097 46s
[dsr-bf16] 329/500 tok=3243 29s
[dsr-bf16] 330/500 tok=883 8s
[dsr-bf16] 331/500 tok=1697 15s
[dsr-bf16] 332/500 tok=1944 17s
[dsr-bf16] 333/500 tok=3280 29s
[dsr-bf16] 334/500 tok=6866 63s
[dsr-bf16] 335/500 tok=1342 12s
[dsr-bf16] 336/500 tok=2802 25s
[dsr-bf16] 337/500 tok=1413 13s
[dsr-bf16] 338/500 tok=1501 13s
[dsr-bf16] 339/500 tok=1669 15s
[dsr-bf16] 340/500 tok=1850 16s
[dsr-bf16] 341/500 tok=16384 160s CAP
[dsr-bf16] 342/500 tok=1048 9s
[dsr-bf16] 343/500 tok=1278 11s
[dsr-bf16] 344/500 tok=1927 17s
[dsr-bf16] 345/500 tok=907 8s
[dsr-bf16] 346/500 tok=2172 19s
[dsr-bf16] 347/500 tok=1911 17s
[dsr-bf16] 348/500 tok=4030 36s
[dsr-bf16] 349/500 tok=2463 22s
[dsr-bf16] 350/500 tok=4411 40s
[dsr-bf16] 351/500 tok=1355 12s
[dsr-bf16] 352/500 tok=3515 31s
[dsr-bf16] 353/500 tok=16384 160s CAP
[dsr-bf16] 354/500 tok=1131 10s
[dsr-bf16] 355/500 tok=1651 15s
[dsr-bf16] 356/500 tok=4226 38s
[dsr-bf16] 357/500 tok=1874 17s
[dsr-bf16] 358/500 tok=1542 14s
[dsr-bf16] 359/500 tok=1996 18s
[dsr-bf16] 360/500 tok=2795 25s
[dsr-bf16] 361/500 tok=2087 19s
[dsr-bf16] 362/500 tok=4069 37s
[dsr-bf16] 363/500 tok=2071 18s
[dsr-bf16] 364/500 tok=991 9s
[dsr-bf16] 365/500 tok=4155 37s
[dsr-bf16] 366/500 tok=4167 37s
[dsr-bf16] 367/500 tok=1950 17s
[dsr-bf16] 368/500 tok=770 7s
[dsr-bf16] 369/500 tok=1053 9s
[dsr-bf16] 370/500 tok=3577 32s
[dsr-bf16] 371/500 tok=1154 10s
[dsr-bf16] 372/500 tok=5715 52s
[dsr-bf16] 373/500 tok=4697 43s
[dsr-bf16] 374/500 tok=1809 16s
[dsr-bf16] 375/500 tok=666 6s
[dsr-bf16] 376/500 tok=1723 15s
[dsr-bf16] 377/500 tok=1887 17s
[dsr-bf16] 378/500 tok=4261 38s
[dsr-bf16] 379/500 tok=1662 15s
[dsr-bf16] 380/500 tok=4016 36s
[dsr-bf16] 381/500 tok=2863 25s
[dsr-bf16] 382/500 tok=5930 54s
[dsr-bf16] 383/500 tok=4739 43s
[dsr-bf16] 384/500 tok=1416 12s
[dsr-bf16] 385/500 tok=739 7s
[dsr-bf16] 386/500 tok=3114 28s
[dsr-bf16] 387/500 tok=1702 15s
[dsr-bf16] 388/500 tok=1815 16s
[dsr-bf16] 389/500 tok=1776 16s
[dsr-bf16] 390/500 tok=6925 64s
[dsr-bf16] 391/500 tok=2229 20s
[dsr-bf16] 392/500 tok=2014 18s
[dsr-bf16] 393/500 tok=14825 143s
[dsr-bf16] 394/500 tok=1441 13s
[dsr-bf16] 395/500 tok=3266 29s
[dsr-bf16] 396/500 tok=2708 24s
[dsr-bf16] 397/500 tok=3341 30s
[dsr-bf16] 398/500 tok=1003 9s
[dsr-bf16] 399/500 tok=3981 36s
[dsr-bf16] 400/500 tok=1529 13s
[dsr-bf16] 401/500 tok=9374 87s
[dsr-bf16] 402/500 tok=8844 82s
[dsr-bf16] 403/500 tok=2887 26s
[dsr-bf16] 404/500 tok=3858 35s
[dsr-bf16] 405/500 tok=797 7s
[dsr-bf16] 406/500 tok=1238 11s
[dsr-bf16] 407/500 tok=1794 16s
[dsr-bf16] 408/500 tok=1341 12s
[dsr-bf16] 409/500 tok=3500 31s
[dsr-bf16] 410/500 tok=4078 37s
[dsr-bf16] 411/500 tok=3046 27s
[dsr-bf16] 412/500 tok=1816 16s
[dsr-bf16] 413/500 tok=5286 48s
[dsr-bf16] 414/500 tok=1101 10s
[dsr-bf16] 415/500 tok=1607 14s
[dsr-bf16] 416/500 tok=2641 23s
[dsr-bf16] 417/500 tok=4302 39s
[dsr-bf16] 418/500 tok=1664 15s
[dsr-bf16] 419/500 tok=1764 16s
[dsr-bf16] 420/500 tok=3866 35s
[dsr-bf16] 421/500 tok=1347 12s
[dsr-bf16] 422/500 tok=5274 48s
[dsr-bf16] 423/500 tok=15203 146s
[dsr-bf16] 424/500 tok=3473 31s
[dsr-bf16] 425/500 tok=1697 15s
[dsr-bf16] 426/500 tok=4631 42s
[dsr-bf16] 427/500 tok=1191 10s
[dsr-bf16] 428/500 tok=1023 9s
[dsr-bf16] 429/500 tok=2197 19s
[dsr-bf16] 430/500 tok=1901 17s
[dsr-bf16] 431/500 tok=1252 11s
[dsr-bf16] 432/500 tok=3608 32s
[dsr-bf16] 433/500 tok=5303 48s
[dsr-bf16] 434/500 tok=2796 25s
[dsr-bf16] 435/500 tok=1696 15s
[dsr-bf16] 436/500 tok=1488 13s
[dsr-bf16] 437/500 tok=3767 34s
[dsr-bf16] 438/500 tok=1174 10s
[dsr-bf16] 439/500 tok=2658 24s
[dsr-bf16] 440/500 tok=2457 22s
[dsr-bf16] 441/500 tok=1671 15s
[dsr-bf16] 442/500 tok=1370 12s
[dsr-bf16] 443/500 tok=1288 11s
[dsr-bf16] 444/500 tok=1024 9s
[dsr-bf16] 445/500 tok=13884 133s
[dsr-bf16] 446/500 tok=9461 88s
[dsr-bf16] 447/500 tok=2248 20s
[dsr-bf16] 448/500 tok=1209 11s
[dsr-bf16] 449/500 tok=3076 27s
[dsr-bf16] 450/500 tok=1489 13s
[dsr-bf16] 451/500 tok=2143 19s
[dsr-bf16] 452/500 tok=2335 21s
[dsr-bf16] 453/500 tok=2802 25s
[dsr-bf16] 454/500 tok=1051 9s
[dsr-bf16] 455/500 tok=2597 23s
[dsr-bf16] 456/500 tok=1230 11s
[dsr-bf16] 457/500 tok=1926 17s
[dsr-bf16] 458/500 tok=1229 11s
[dsr-bf16] 459/500 tok=1838 16s
[dsr-bf16] 460/500 tok=2441 22s
[dsr-bf16] 461/500 tok=3588 32s
[dsr-bf16] 462/500 tok=2315 20s
[dsr-bf16] 463/500 tok=3632 32s
[dsr-bf16] 464/500 tok=755 7s
[dsr-bf16] 465/500 tok=2699 24s
[dsr-bf16] 466/500 tok=999 9s
[dsr-bf16] 467/500 tok=5289 48s
[dsr-bf16] 468/500 tok=2523 22s
[dsr-bf16] 469/500 tok=1087 10s
[dsr-bf16] 470/500 tok=1322 12s
[dsr-bf16] 471/500 tok=7925 73s
[dsr-bf16] 472/500 tok=1373 12s
[dsr-bf16] 473/500 tok=1869 17s
[dsr-bf16] 474/500 tok=1977 18s
[dsr-bf16] 475/500 tok=1270 11s
[dsr-bf16] 476/500 tok=10638 100s
[dsr-bf16] 477/500 tok=1306 11s
[dsr-bf16] 478/500 tok=2358 21s
[dsr-bf16] 479/500 tok=7764 71s
[dsr-bf16] 480/500 tok=1338 12s
[dsr-bf16] 481/500 tok=2446 22s
[dsr-bf16] 482/500 tok=16384 159s CAP
[dsr-bf16] 483/500 tok=1759 15s
[dsr-bf16] 484/500 tok=3366 30s
[dsr-bf16] 485/500 tok=1858 16s
[dsr-bf16] 486/500 tok=6670 61s
[dsr-bf16] 487/500 tok=1570 14s
[dsr-bf16] 488/500 tok=1819 16s
[dsr-bf16] 489/500 tok=1642 14s
[dsr-bf16] 490/500 tok=3291 29s
[dsr-bf16] 491/500 tok=7678 70s
[dsr-bf16] 492/500 tok=4712 43s
[dsr-bf16] 493/500 tok=1279 11s
[dsr-bf16] 494/500 tok=4099 37s
[dsr-bf16] 495/500 tok=4506 41s
[dsr-bf16] 496/500 tok=2447 22s
[dsr-bf16] 497/500 tok=1681 15s
[dsr-bf16] 498/500 tok=7346 67s
[dsr-bf16] 499/500 tok=4295 39s
[dsr-bf16] 500/500 tok=1593 14s
[dsr-bf16] DONE
=== ROUND 2 ALL DONE at Mon Aug  3 23:13:51 EDT 2026 ===
