=== starting r1d-3bit at Sun Aug  2 19:08:49 EDT 2026 ===
[r1d-3bit] resuming; 0 items already done
Warning: You are sending unauthenticated requests to the HF Hub. Please set a HF_TOKEN to enable higher rate limits and faster downloads.
[r1d-3bit] 1/50 tokens=8192 time=30s
[r1d-3bit] 2/50 tokens=8192 time=31s
[r1d-3bit] 3/50 tokens=3211 time=12s
[r1d-3bit] 4/50 tokens=4810 time=17s
[r1d-3bit] 5/50 tokens=2652 time=10s
[r1d-3bit] 6/50 tokens=8192 time=32s
[r1d-3bit] 7/50 tokens=8192 time=32s
[r1d-3bit] 8/50 tokens=8192 time=33s
[r1d-3bit] 9/50 tokens=1878 time=7s
[r1d-3bit] 10/50 tokens=8192 time=35s
[r1d-3bit] 11/50 tokens=8192 time=36s
[r1d-3bit] 12/50 tokens=8192 time=39s
[r1d-3bit] 13/50 tokens=8192 time=36s
[r1d-3bit] 14/50 tokens=4513 time=19s
[r1d-3bit] 15/50 tokens=8192 time=37s
[r1d-3bit] 16/50 tokens=8192 time=36s
[r1d-3bit] 17/50 tokens=8192 time=35s
[r1d-3bit] 18/50 tokens=8192 time=36s
[r1d-3bit] 19/50 tokens=7575 time=32s
[r1d-3bit] 20/50 tokens=8192 time=35s
[r1d-3bit] 21/50 tokens=8192 time=36s
[r1d-3bit] 22/50 tokens=8192 time=37s
[r1d-3bit] 23/50 tokens=8192 time=36s
[r1d-3bit] 24/50 tokens=8192 time=35s
[r1d-3bit] 25/50 tokens=4148 time=16s
[r1d-3bit] 26/50 tokens=8192 time=36s
[r1d-3bit] 27/50 tokens=8192 time=36s
[r1d-3bit] 28/50 tokens=8192 time=35s
[r1d-3bit] 29/50 tokens=8193 time=34s
[r1d-3bit] 30/50 tokens=6378 time=26s
[r1d-3bit] 31/50 tokens=8192 time=37s
[r1d-3bit] 32/50 tokens=7639 time=31s
[r1d-3bit] 33/50 tokens=8192 time=35s
[r1d-3bit] 34/50 tokens=5037 time=21s
[r1d-3bit] 35/50 tokens=1984 time=8s
[r1d-3bit] 36/50 tokens=8191 time=36s
[r1d-3bit] 37/50 tokens=8192 time=34s
[r1d-3bit] 38/50 tokens=8192 time=36s
[r1d-3bit] 39/50 tokens=2302 time=9s
[r1d-3bit] 40/50 tokens=2229 time=8s
[r1d-3bit] 41/50 tokens=8192 time=35s
[r1d-3bit] 42/50 tokens=8192 time=34s
[r1d-3bit] 43/50 tokens=1842 time=7s
[r1d-3bit] 44/50 tokens=8192 time=34s
[r1d-3bit] 45/50 tokens=3536 time=13s
[r1d-3bit] 46/50 tokens=8192 time=34s
[r1d-3bit] 47/50 tokens=5835 time=23s
[r1d-3bit] 48/50 tokens=2883 time=11s
[r1d-3bit] 49/50 tokens=8192 time=34s
[r1d-3bit] 50/50 tokens=2802 time=11s
[r1d-3bit] DONE
=== starting dsr-3bit at Sun Aug  2 19:32:11 EDT 2026 ===
[dsr-3bit] resuming; 0 items already done
Warning: You are sending unauthenticated requests to the HF Hub. Please set a HF_TOKEN to enable higher rate limits and faster downloads.
[dsr-3bit] 1/50 tokens=2547 time=10s
[dsr-3bit] 2/50 tokens=4564 time=18s
[dsr-3bit] 3/50 tokens=5038 time=20s
[dsr-3bit] 4/50 tokens=1985 time=8s
[dsr-3bit] 5/50 tokens=8136 time=35s
[dsr-3bit] 6/50 tokens=7918 time=33s
[dsr-3bit] 7/50 tokens=8193 time=34s
[dsr-3bit] 8/50 tokens=8193 time=34s
[dsr-3bit] 9/50 tokens=1994 time=8s
[dsr-3bit] 10/50 tokens=8193 time=34s
[dsr-3bit] 11/50 tokens=8193 time=34s
[dsr-3bit] 12/50 tokens=8193 time=34s
[dsr-3bit] 13/50 tokens=3190 time=12s
[dsr-3bit] 14/50 tokens=2275 time=9s
[dsr-3bit] 15/50 tokens=8193 time=34s
[dsr-3bit] 16/50 tokens=8193 time=34s
[dsr-3bit] 17/50 tokens=8193 time=33s
[dsr-3bit] 18/50 tokens=8193 time=33s
[dsr-3bit] 19/50 tokens=6325 time=25s
[dsr-3bit] 20/50 tokens=6692 time=26s
[dsr-3bit] 21/50 tokens=2663 time=10s
[dsr-3bit] 22/50 tokens=8193 time=33s
[dsr-3bit] 23/50 tokens=8193 time=33s
[dsr-3bit] 24/50 tokens=1687 time=6s
[dsr-3bit] 25/50 tokens=8193 time=33s
[dsr-3bit] 26/50 tokens=4884 time=19s
[dsr-3bit] 27/50 tokens=8193 time=33s
[dsr-3bit] 28/50 tokens=8193 time=33s
[dsr-3bit] 29/50 tokens=4843 time=18s
[dsr-3bit] 30/50 tokens=7748 time=31s
[dsr-3bit] 31/50 tokens=2431 time=9s
[dsr-3bit] 32/50 tokens=3249 time=12s
[dsr-3bit] 33/50 tokens=4260 time=16s
[dsr-3bit] 34/50 tokens=4280 time=16s
[dsr-3bit] 35/50 tokens=8193 time=33s
[dsr-3bit] 36/50 tokens=4485 time=17s
[dsr-3bit] 37/50 tokens=4038 time=15s
[dsr-3bit] 38/50 tokens=5658 time=22s
[dsr-3bit] 39/50 tokens=1268 time=5s
[dsr-3bit] 40/50 tokens=1962 time=7s
[dsr-3bit] 41/50 tokens=1860 time=7s
[dsr-3bit] 42/50 tokens=4308 time=16s
[dsr-3bit] 43/50 tokens=2485 time=9s
[dsr-3bit] 44/50 tokens=8193 time=33s
[dsr-3bit] 45/50 tokens=3258 time=12s
[dsr-3bit] 46/50 tokens=2015 time=7s
[dsr-3bit] 47/50 tokens=4966 time=19s
[dsr-3bit] 48/50 tokens=1868 time=7s
[dsr-3bit] 49/50 tokens=1375 time=5s
[dsr-3bit] 50/50 tokens=1668 time=6s
[dsr-3bit] DONE
=== starting r1d-bf16 at Sun Aug  2 19:49:20 EDT 2026 ===
[r1d-bf16] resuming; 0 items already done
Warning: You are sending unauthenticated requests to the HF Hub. Please set a HF_TOKEN to enable higher rate limits and faster downloads.
[r1d-bf16] 1/50 tokens=1009 time=9s
[r1d-bf16] 2/50 tokens=4361 time=39s
[r1d-bf16] 3/50 tokens=2426 time=22s
[r1d-bf16] 4/50 tokens=1849 time=16s
[r1d-bf16] 5/50 tokens=2927 time=26s
[r1d-bf16] 6/50 tokens=877 time=8s
[r1d-bf16] 7/50 tokens=2063 time=18s
[r1d-bf16] 8/50 tokens=2911 time=26s
[r1d-bf16] 9/50 tokens=1209 time=11s
[r1d-bf16] 10/50 tokens=7127 time=65s
[r1d-bf16] 11/50 tokens=6672 time=61s
[r1d-bf16] 12/50 tokens=4218 time=38s
[r1d-bf16] 13/50 tokens=4304 time=39s
[r1d-bf16] 14/50 tokens=881 time=8s
[r1d-bf16] 15/50 tokens=3508 time=31s
[r1d-bf16] 16/50 tokens=4214 time=38s
[r1d-bf16] 17/50 tokens=3105 time=28s
[r1d-bf16] 18/50 tokens=8192 time=75s
[r1d-bf16] 19/50 tokens=4706 time=43s
[r1d-bf16] 20/50 tokens=2252 time=20s
[r1d-bf16] 21/50 tokens=1841 time=17s
[r1d-bf16] 22/50 tokens=8192 time=76s
[r1d-bf16] 23/50 tokens=1400 time=12s
[r1d-bf16] 24/50 tokens=2937 time=26s
[r1d-bf16] 25/50 tokens=4774 time=43s
[r1d-bf16] 26/50 tokens=2416 time=21s
[r1d-bf16] 27/50 tokens=8192 time=75s
[r1d-bf16] 28/50 tokens=1103 time=10s
[r1d-bf16] 29/50 tokens=1126 time=10s
[r1d-bf16] 30/50 tokens=1917 time=17s
[r1d-bf16] 31/50 tokens=6964 time=64s
[r1d-bf16] 32/50 tokens=2207 time=20s
[r1d-bf16] 33/50 tokens=1831 time=16s
[r1d-bf16] 34/50 tokens=8192 time=75s
[r1d-bf16] 35/50 tokens=2026 time=18s
[r1d-bf16] 36/50 tokens=2108 time=19s
[r1d-bf16] 37/50 tokens=3633 time=32s
[r1d-bf16] 38/50 tokens=973 time=9s
[r1d-bf16] 39/50 tokens=1242 time=11s
[r1d-bf16] 40/50 tokens=2706 time=24s
[r1d-bf16] 41/50 tokens=1648 time=15s
[r1d-bf16] 42/50 tokens=8192 time=75s
[r1d-bf16] 43/50 tokens=1090 time=10s
[r1d-bf16] 44/50 tokens=8192 time=75s
[r1d-bf16] 45/50 tokens=1027 time=9s
[r1d-bf16] 46/50 tokens=1455 time=13s
[r1d-bf16] 47/50 tokens=5067 time=46s
[r1d-bf16] 48/50 tokens=862 time=8s
[r1d-bf16] 49/50 tokens=1747 time=15s
[r1d-bf16] 50/50 tokens=1874 time=17s
[r1d-bf16] DONE
=== starting dsr-bf16 at Sun Aug  2 20:14:20 EDT 2026 ===
[dsr-bf16] resuming; 0 items already done
Warning: You are sending unauthenticated requests to the HF Hub. Please set a HF_TOKEN to enable higher rate limits and faster downloads.
[dsr-bf16] 1/50 tokens=1221 time=10s
[dsr-bf16] 2/50 tokens=2004 time=18s
[dsr-bf16] 3/50 tokens=2381 time=21s
[dsr-bf16] 4/50 tokens=1149 time=10s
[dsr-bf16] 5/50 tokens=3347 time=30s
[dsr-bf16] 6/50 tokens=1505 time=13s
[dsr-bf16] 7/50 tokens=2548 time=23s
[dsr-bf16] 8/50 tokens=3392 time=30s
[dsr-bf16] 9/50 tokens=1236 time=11s
[dsr-bf16] 10/50 tokens=5306 time=48s
[dsr-bf16] 11/50 tokens=7544 time=69s
[dsr-bf16] 12/50 tokens=3765 time=34s
[dsr-bf16] 13/50 tokens=2508 time=22s
[dsr-bf16] 14/50 tokens=737 time=6s
[dsr-bf16] 15/50 tokens=4324 time=39s
[dsr-bf16] 16/50 tokens=3855 time=35s
[dsr-bf16] 17/50 tokens=1610 time=14s
[dsr-bf16] 18/50 tokens=4114 time=37s
[dsr-bf16] 19/50 tokens=8193 time=75s
[dsr-bf16] 20/50 tokens=1816 time=16s
[dsr-bf16] 21/50 tokens=1430 time=13s
[dsr-bf16] 22/50 tokens=4094 time=37s
[dsr-bf16] 23/50 tokens=6885 time=63s
[dsr-bf16] 24/50 tokens=1996 time=18s
[dsr-bf16] 25/50 tokens=2458 time=22s
[dsr-bf16] 26/50 tokens=4148 time=37s
[dsr-bf16] 27/50 tokens=6924 time=63s
[dsr-bf16] 28/50 tokens=1328 time=12s
[dsr-bf16] 29/50 tokens=1557 time=14s
[dsr-bf16] 30/50 tokens=1457 time=13s
[dsr-bf16] 31/50 tokens=1462 time=13s
[dsr-bf16] 32/50 tokens=1529 time=13s
[dsr-bf16] 33/50 tokens=2763 time=25s
[dsr-bf16] 34/50 tokens=2404 time=21s
[dsr-bf16] 35/50 tokens=1674 time=15s
[dsr-bf16] 36/50 tokens=1921 time=17s
[dsr-bf16] 37/50 tokens=1992 time=18s
[dsr-bf16] 38/50 tokens=918 time=8s
[dsr-bf16] 39/50 tokens=1096 time=10s
[dsr-bf16] 40/50 tokens=1825 time=16s
[dsr-bf16] 41/50 tokens=859 time=7s
[dsr-bf16] 42/50 tokens=3967 time=35s
[dsr-bf16] 43/50 tokens=892 time=8s
[dsr-bf16] 44/50 tokens=8193 time=75s
[dsr-bf16] 45/50 tokens=1519 time=13s
[dsr-bf16] 46/50 tokens=907 time=8s
[dsr-bf16] 47/50 tokens=5629 time=51s
[dsr-bf16] 48/50 tokens=1208 time=10s
[dsr-bf16] 49/50 tokens=795 time=7s
[dsr-bf16] 50/50 tokens=940 time=8s
[dsr-bf16] DONE
=== ALL DONE at Sun Aug  2 20:34:53 EDT 2026 ===
